Component: Arm Compiler for Embedded 6.23 Tool: armlink [5f102400]

==============================================================================

Section Cross References

    main.o(.text.main) refers to main.o(.text.App_ADC1_Init) for App_ADC1_Init
    main.o(.text.main) refers to stm32f10x_rcc.o(.text.RCC_APB2PeriphClockCmd) for RCC_APB2PeriphClockCmd
    main.o(.text.main) refers to stm32f10x_gpio.o(.text.GPIO_Init) for GPIO_Init
    main.o(.text.main) refers to stm32f10x_usart.o(.text.USART_Init) for USART_Init
    main.o(.text.main) refers to stm32f10x_usart.o(.text.USART_Cmd) for USART_Cmd
    main.o(.text.main) refers to stm32f10x_tim.o(.text.TIM_TimeBaseInit) for TIM_TimeBaseInit
    main.o(.text.main) refers to stm32f10x_tim.o(.text.TIM_SelectOutputTrigger) for TIM_SelectOutputTrigger
    main.o(.text.main) refers to stm32f10x_tim.o(.text.TIM_Cmd) for TIM_Cmd
    main.o(.text.main) refers to stm32f10x_adc.o(.text.ADC_GetFlagStatus) for ADC_GetFlagStatus
    main.o(.text.main) refers to stm32f10x_adc.o(.text.ADC_GetInjectedConversionValue) for ADC_GetInjectedConversionValue
    main.o(.text.main) refers to stm32f10x_adc.o(.text.ADC_ClearFlag) for ADC_ClearFlag
    main.o(.text.main) refers to usart.o(.text.My_USART_Printf) for My_USART_Printf
    main.o(.ARM.exidx.text.main) refers to main.o(.text.main) for [Anonymous Symbol]
    main.o(.text.App_ADC1_Init) refers to stm32f10x_rcc.o(.text.RCC_APB2PeriphClockCmd) for RCC_APB2PeriphClockCmd
    main.o(.text.App_ADC1_Init) refers to stm32f10x_gpio.o(.text.GPIO_Init) for GPIO_Init
    main.o(.text.App_ADC1_Init) refers to stm32f10x_rcc.o(.text.RCC_ADCCLKConfig) for RCC_ADCCLKConfig
    main.o(.text.App_ADC1_Init) refers to stm32f10x_adc.o(.text.ADC_Init) for ADC_Init
    main.o(.text.App_ADC1_Init) refers to stm32f10x_adc.o(.text.ADC_RegularChannelConfig) for ADC_RegularChannelConfig
    main.o(.text.App_ADC1_Init) refers to stm32f10x_adc.o(.text.ADC_ExternalTrigConvCmd) for ADC_ExternalTrigConvCmd
    main.o(.text.App_ADC1_Init) refers to stm32f10x_adc.o(.text.ADC_Cmd) for ADC_Cmd
    main.o(.text.App_ADC1_Init) refers to stm32f10x_adc.o(.text.ADC_ResetCalibration) for ADC_ResetCalibration
    main.o(.text.App_ADC1_Init) refers to stm32f10x_adc.o(.text.ADC_GetResetCalibrationStatus) for ADC_GetResetCalibrationStatus
    main.o(.text.App_ADC1_Init) refers to stm32f10x_adc.o(.text.ADC_StartCalibration) for ADC_StartCalibration
    main.o(.text.App_ADC1_Init) refers to stm32f10x_adc.o(.text.ADC_GetCalibrationStatus) for ADC_GetCalibrationStatus
    main.o(.text.App_ADC1_Init) refers to stm32f10x_adc.o(.text.ADC_InjectedSequencerLengthConfig) for ADC_InjectedSequencerLengthConfig
    main.o(.text.App_ADC1_Init) refers to stm32f10x_adc.o(.text.ADC_InjectedChannelConfig) for ADC_InjectedChannelConfig
    main.o(.text.App_ADC1_Init) refers to stm32f10x_adc.o(.text.ADC_ExternalTrigInjectedConvConfig) for ADC_ExternalTrigInjectedConvConfig
    main.o(.text.App_ADC1_Init) refers to stm32f10x_adc.o(.text.ADC_ExternalTrigInjectedConvCmd) for ADC_ExternalTrigInjectedConvCmd
    main.o(.ARM.exidx.text.App_ADC1_Init) refers to main.o(.text.App_ADC1_Init) for [Anonymous Symbol]
    main.o(.text.App_OnBoardLED_Init) refers to stm32f10x_rcc.o(.text.RCC_APB2PeriphClockCmd) for RCC_APB2PeriphClockCmd
    main.o(.text.App_OnBoardLED_Init) refers to stm32f10x_gpio.o(.text.GPIO_Init) for GPIO_Init
    main.o(.ARM.exidx.text.App_OnBoardLED_Init) refers to main.o(.text.App_OnBoardLED_Init) for [Anonymous Symbol]
    main.o(.text.App_USART1_Init) refers to stm32f10x_rcc.o(.text.RCC_APB2PeriphClockCmd) for RCC_APB2PeriphClockCmd
    main.o(.text.App_USART1_Init) refers to stm32f10x_gpio.o(.text.GPIO_Init) for GPIO_Init
    main.o(.text.App_USART1_Init) refers to stm32f10x_usart.o(.text.USART_Init) for USART_Init
    main.o(.text.App_USART1_Init) refers to stm32f10x_usart.o(.text.USART_Cmd) for USART_Cmd
    main.o(.ARM.exidx.text.App_USART1_Init) refers to main.o(.text.App_USART1_Init) for [Anonymous Symbol]
    main.o(.text.App_TIM1_Init) refers to stm32f10x_rcc.o(.text.RCC_APB2PeriphClockCmd) for RCC_APB2PeriphClockCmd
    main.o(.text.App_TIM1_Init) refers to stm32f10x_tim.o(.text.TIM_TimeBaseInit) for TIM_TimeBaseInit
    main.o(.text.App_TIM1_Init) refers to stm32f10x_tim.o(.text.TIM_SelectOutputTrigger) for TIM_SelectOutputTrigger
    main.o(.text.App_TIM1_Init) refers to stm32f10x_tim.o(.text.TIM_Cmd) for TIM_Cmd
    main.o(.ARM.exidx.text.App_TIM1_Init) refers to main.o(.text.App_TIM1_Init) for [Anonymous Symbol]
    system_stm32f10x.o(.ARM.exidx.text.SystemInit) refers to system_stm32f10x.o(.text.SystemInit) for [Anonymous Symbol]
    system_stm32f10x.o(.text.SystemCoreClockUpdate) refers to system_stm32f10x.o(.data.SystemCoreClock) for SystemCoreClock
    system_stm32f10x.o(.text.SystemCoreClockUpdate) refers to system_stm32f10x.o(.rodata.AHBPrescTable) for AHBPrescTable
[...]
    Removing stm32f10x_rcc.o(.text.RCC_WaitForHSEStartUp), (48 bytes).
    Removing stm32f10x_rcc.o(.ARM.exidx.text.RCC_WaitForHSEStartUp), (8 bytes).
    Removing stm32f10x_rcc.o(.text.RCC_GetFlagStatus), (38 bytes).
    Removing stm32f10x_rcc.o(.ARM.exidx.text.RCC_GetFlagStatus), (8 bytes).
    Removing stm32f10x_rcc.o(.text.RCC_AdjustHSICalibrationValue), (22 bytes).
    Removing stm32f10x_rcc.o(.ARM.exidx.text.RCC_AdjustHSICalibrationValue), (8 bytes).
    Removing stm32f10x_rcc.o(.text.RCC_HSICmd), (10 bytes).
    Removing stm32f10x_rcc.o(.ARM.exidx.text.RCC_HSICmd), (8 bytes).
    Removing stm32f10x_rcc.o(.text.RCC_PLLConfig), (22 bytes).
    Removing stm32f10x_rcc.o(.ARM.exidx.text.RCC_PLLConfig), (8 bytes).
    Removing stm32f10x_rcc.o(.text.RCC_PLLCmd), (10 bytes).
    Removing stm32f10x_rcc.o(.ARM.exidx.text.RCC_PLLCmd), (8 bytes).
    Removing stm32f10x_rcc.o(.text.RCC_SYSCLKConfig), (20 bytes).
    Removing stm32f10x_rcc.o(.ARM.exidx.text.RCC_SYSCLKConfig), (8 bytes).
    Removing stm32f10x_rcc.o(.text.RCC_GetSYSCLKSource), (16 bytes).
    Removing stm32f10x_rcc.o(.ARM.exidx.text.RCC_GetSYSCLKSource), (8 bytes).
    Removing stm32f10x_rcc.o(.text.RCC_HCLKConfig), (20 bytes).
    Removing stm32f10x_rcc.o(.ARM.exidx.text.RCC_HCLKConfig), (8 bytes).
    Removing stm32f10x_rcc.o(.text.RCC_PCLK1Config), (20 bytes).
    Removing stm32f10x_rcc.o(.ARM.exidx.text.RCC_PCLK1Config), (8 bytes).
    Removing stm32f10x_rcc.o(.text.RCC_PCLK2Config), (22 bytes).
    Removing stm32f10x_rcc.o(.ARM.exidx.text.RCC_PCLK2Config), (8 bytes).
    Removing stm32f10x_rcc.o(.text.RCC_ITConfig), (24 bytes).
    Removing stm32f10x_rcc.o(.ARM.exidx.text.RCC_ITConfig), (8 bytes).
    Removing stm32f10x_rcc.o(.text.RCC_USBCLKConfig), (10 bytes).
    Removing stm32f10x_rcc.o(.ARM.exidx.text.RCC_USBCLKConfig), (8 bytes).
    Removing stm32f10x_rcc.o(.ARM.exidx.text.RCC_ADCCLKConfig), (8 bytes).
    Removing stm32f10x_rcc.o(.text.RCC_LSEConfig), (30 bytes).
    Removing stm32f10x_rcc.o(.ARM.exidx.text.RCC_LSEConfig), (8 bytes).
    Removing stm32f10x_rcc.o(.text.RCC_LSICmd), (12 bytes).
    Removing stm32f10x_rcc.o(.ARM.exidx.text.RCC_LSICmd), (8 bytes).
    Removing stm32f10x_rcc.o(.text.RCC_RTCCLKConfig), (16 bytes).
    Removing stm32f10x_rcc.o(.ARM.exidx.text.RCC_RTCCLKConfig), (8 bytes).
    Removing stm32f10x_rcc.o(.text.RCC_RTCCLKCmd), (12 bytes).
    Removing stm32f10x_rcc.o(.ARM.exidx.text.RCC_RTCCLKCmd), (8 bytes).
    Removing stm32f10x_rcc.o(.ARM.exidx.text.RCC_GetClocksFreq), (8 bytes).
    Removing stm32f10x_rcc.o(.text.RCC_AHBPeriphClockCmd), (24 bytes).
    Removing stm32f10x_rcc.o(.ARM.exidx.text.RCC_AHBPeriphClockCmd), (8 bytes).
    Removing stm32f10x_rcc.o(.ARM.exidx.text.RCC_APB2PeriphClockCmd), (8 bytes).
    Removing stm32f10x_rcc.o(.text.RCC_APB1PeriphClockCmd), (24 bytes).
    Removing stm32f10x_rcc.o(.ARM.exidx.text.RCC_APB1PeriphClockCmd), (8 bytes).
    Removing stm32f10x_rcc.o(.text.RCC_APB2PeriphResetCmd), (24 bytes).
    Removing stm32f10x_rcc.o(.ARM.exidx.text.RCC_APB2PeriphResetCmd), (8 bytes).
    Removing stm32f10x_rcc.o(.text.RCC_APB1PeriphResetCmd), (24 bytes).
    Removing stm32f10x_rcc.o(.ARM.exidx.text.RCC_APB1PeriphResetCmd), (8 bytes).
    Removing stm32f10x_rcc.o(.text.RCC_BackupResetCmd), (12 bytes).
    Removing stm32f10x_rcc.o(.ARM.exidx.text.RCC_BackupResetCmd), (8 bytes).
    Removing stm32f10x_rcc.o(.text.RCC_ClockSecuritySystemCmd), (10 bytes).
    Removing stm32f10x_rcc.o(.ARM.exidx.text.RCC_ClockSecuritySystemCmd), (8 bytes).
    Removing stm32f10x_rcc.o(.text.RCC_MCOConfig), (12 bytes).
    Removing stm32f10x_rcc.o(.ARM.exidx.text.RCC_MCOConfig), (8 bytes).
    Removing stm32f10x_rcc.o(.text.RCC_ClearFlag), (18 bytes).
    Removing stm32f10x_rcc.o(.ARM.exidx.text.RCC_ClearFlag), (8 bytes).
    Removing stm32f10x_rcc.o(.text.RCC_GetITStatus), (18 bytes).
    Removing stm32f10x_rcc.o(.ARM.exidx.text.RCC_GetITStatus), (8 bytes).
    Removing stm32f10x_rcc.o(.text.RCC_ClearITPendingBit), (12 bytes).
    Removing stm32f10x_rcc.o(.ARM.exidx.text.RCC_ClearITPendingBit), (8 bytes).
    Removing stm32f10x_rtc.o(.text), (0 bytes).
    Removing stm32f10x_rtc.o(.text.RTC_ITConfig), (24 bytes).
    Removing stm32f10x_rtc.o(.ARM.exidx.text.RTC_ITConfig), (8 bytes).
    Removing stm32f10x_rtc.o(.text.RTC_EnterConfigMode), (18 bytes).
    Removing stm32f10x_rtc.o(.ARM.exidx.text.RTC_EnterConfigMode), (8 bytes).
    Removing stm32f10x_rtc.o(.text.RTC_ExitConfigMode), (18 bytes).
    Removing stm32f10x_rtc.o(.ARM.exidx.text.RTC_ExitConfigMode), (8 bytes).
    Removing stm32f10x_rtc.o(.text.RTC_GetCounter), (28 bytes).
    Removing stm32f10x_rtc.o(.ARM.exidx.text.RTC_GetCounter), (8 bytes).
    Removing stm32f10x_rtc.o(.text.RTC_SetCounter), (32 bytes).
    Removing stm32f10x_rtc.o(.ARM.exidx.text.RTC_SetCounter), (8 bytes).
    Removing stm32f10x_rtc.o(.text.RTC_SetPrescaler), (34 bytes).
    Removing stm32f10x_rtc.o(.ARM.exidx.text.RTC_SetPrescaler), (8 bytes).
    Removing stm32f10x_rtc.o(.text.RTC_SetAlarm), (32 bytes).
    Removing stm32f10x_rtc.o(.ARM.exidx.text.RTC_SetAlarm), (8 bytes).
    Removing stm32f10x_rtc.o(.text.RTC_GetDivider), (22 bytes).
    Removing stm32f10x_rtc.o(.ARM.exidx.text.RTC_GetDivider), (8 bytes).
    Removing stm32f10x_rtc.o(.text.RTC_WaitForLastTask), (16 bytes).
    Removing stm32f10x_rtc.o(.ARM.exidx.text.RTC_WaitForLastTask), (8 bytes).
    Removing stm32f10x_rtc.o(.text.RTC_WaitForSynchro), (24 bytes).
    Removing stm32f10x_rtc.o(.ARM.exidx.text.RTC_WaitForSynchro), (8 bytes).
    Removing stm32f10x_rtc.o(.text.RTC_GetFlagStatus), (18 bytes).
    Removing stm32f10x_rtc.o(.ARM.exidx.text.RTC_GetFlagStatus), (8 bytes).
    Removing stm32f10x_rtc.o(.text.RTC_ClearFlag), (18 bytes).
    Removing stm32f10x_rtc.o(.ARM.exidx.text.RTC_ClearFlag), (8 bytes).
    Removing stm32f10x_rtc.o(.text.RTC_GetITStatus), (34 bytes).
    Removing stm32f10x_rtc.o(.ARM.exidx.text.RTC_GetITStatus), (8 bytes).
    Removing stm32f10x_rtc.o(.text.RTC_ClearITPendingBit), (18 bytes).
    Removing stm32f10x_rtc.o(.ARM.exidx.text.RTC_ClearITPendingBit), (8 bytes).
    Removing stm32f10x_sdio.o(.text), (0 bytes).
    Removing stm32f10x_sdio.o(.text.SDIO_DeInit), (38 bytes).
    Removing stm32f10x_sdio.o(.ARM.exidx.text.SDIO_DeInit), (8 bytes).
    Removing stm32f10x_sdio.o(.text.SDIO_Init), (52 bytes).
    Removing stm32f10x_sdio.o(.ARM.exidx.text.SDIO_Init), (8 bytes).
    Removing stm32f10x_sdio.o(.text.SDIO_StructInit), (16 bytes).
    Removing stm32f10x_sdio.o(.ARM.exidx.text.SDIO_StructInit), (8 bytes).
    Removing stm32f10x_sdio.o(.text.SDIO_ClockCmd), (10 bytes).
    Removing stm32f10x_sdio.o(.ARM.exidx.text.SDIO_ClockCmd), (8 bytes).
    Removing stm32f10x_sdio.o(.text.SDIO_SetPowerState), (12 bytes).
    Removing stm32f10x_sdio.o(.ARM.exidx.text.SDIO_SetPowerState), (8 bytes).
    Removing stm32f10x_sdio.o(.text.SDIO_GetPowerState), (16 bytes).
    Removing stm32f10x_sdio.o(.ARM.exidx.text.SDIO_GetPowerState), (8 bytes).
    Removing stm32f10x_sdio.o(.text.SDIO_ITConfig), (24 bytes).
    Removing stm32f10x_sdio.o(.ARM.exidx.text.SDIO_ITConfig), (8 bytes).
    Removing stm32f10x_sdio.o(.text.SDIO_DMACmd), (12 bytes).
    Removing stm32f10x_sdio.o(.ARM.exidx.text.SDIO_DMACmd), (8 bytes).
    Removing stm32f10x_sdio.o(.text.SDIO_SendCommand), (46 bytes).
    Removing stm32f10x_sdio.o(.ARM.exidx.text.SDIO_SendCommand), (8 bytes).
    Removing stm32f10x_sdio.o(.text.SDIO_CmdStructInit), (14 bytes).
    Removing stm32f10x_sdio.o(.ARM.exidx.text.SDIO_CmdStructInit), (8 bytes).
    Removing stm32f10x_sdio.o(.text.SDIO_GetCommandResponse), (14 bytes).
    Removing stm32f10x_sdio.o(.ARM.exidx.text.SDIO_GetCommandResponse), (8 bytes).
    Removing stm32f10x_sdio.o(.text.SDIO_GetResponse), (26 bytes).
    Removing stm32f10x_sdio.o(.ARM.exidx.text.SDIO_GetResponse), (8 bytes).
    Removing stm32f10x_sdio.o(.text.SDIO_DataConfig), (52 bytes).
    Removing stm32f10x_sdio.o(.ARM.exidx.text.SDIO_DataConfig), (8 bytes).
    Removing stm32f10x_sdio.o(.text.SDIO_DataStructInit), (20 bytes).
    Removing stm32f10x_sdio.o(.ARM.exidx.text.SDIO_DataStructInit), (8 bytes).
    Removing stm32f10x_sdio.o(.text.SDIO_GetDataCounter), (12 bytes).
    Removing stm32f10x_sdio.o(.ARM.exidx.text.SDIO_GetDataCounter), (8 bytes).
    Removing stm32f10x_sdio.o(.text.SDIO_ReadData), (12 bytes).
    Removing stm32f10x_sdio.o(.ARM.exidx.text.SDIO_ReadData), (8 bytes).
    Removing stm32f10x_sdio.o(.text.SDIO_WriteData), (12 bytes).
    Removing stm32f10x_sdio.o(.ARM.exidx.text.SDIO_WriteData), (8 bytes).
    Removing stm32f10x_sdio.o(.text.SDIO_GetFIFOCount), (12 bytes).
    Removing stm32f10x_sdio.o(.ARM.exidx.text.SDIO_GetFIFOCount), (8 bytes).
    Removing stm32f10x_sdio.o(.text.SDIO_StartSDIOReadWait), (12 bytes).
    Removing stm32f10x_sdio.o(.ARM.exidx.text.SDIO_StartSDIOReadWait), (8 bytes).
    Removing stm32f10x_sdio.o(.text.SDIO_StopSDIOReadWait), (12 bytes).
    Removing stm32f10x_sdio.o(.ARM.exidx.text.SDIO_StopSDIOReadWait), (8 bytes).
    Removing stm32f10x_sdio.o(.text.SDIO_SetSDIOReadWaitMode), (12 bytes).
    Removing stm32f10x_sdio.o(.ARM.exidx.text.SDIO_SetSDIOReadWaitMode), (8 bytes).
    Removing stm32f10x_sdio.o(.text.SDIO_SetSDIOOperation), (12 bytes).
    Removing stm32f10x_sdio.o(.ARM.exidx.text.SDIO_SetSDIOOperation), (8 bytes).
    Removing stm32f10x_sdio.o(.text.SDIO_SendSDIOSuspendCmd), (12 bytes).
    Removing stm32f10x_sdio.o(.ARM.exidx.text.SDIO_SendSDIOSuspendCmd), (8 bytes).
    Removing stm32f10x_sdio.o(.text.SDIO_CommandCompletionCmd), (12 bytes).
    Removing stm32f10x_sdio.o(.ARM.exidx.text.SDIO_CommandCompletionCmd), (8 bytes).
    Removing stm32f10x_sdio.o(.text.SDIO_CEATAITCmd), (18 bytes).
    Removing stm32f10x_sdio.o(.ARM.exidx.text.SDIO_CEATAITCmd), (8 bytes).
    Removing stm32f10x_sdio.o(.text.SDIO_SendCEATACmd), (12 bytes).
    Removing stm32f10x_sdio.o(.ARM.exidx.text.SDIO_SendCEATACmd), (8 bytes).
    Removing stm32f10x_sdio.o(.text.SDIO_GetFlagStatus), (18 bytes).
    Removing stm32f10x_sdio.o(.ARM.exidx.text.SDIO_GetFlagStatus), (8 bytes).
    Removing stm32f10x_sdio.o(.text.SDIO_ClearFlag), (12 bytes).
    Removing stm32f10x_sdio.o(.ARM.exidx.text.SDIO_ClearFlag), (8 bytes).
    Removing stm32f10x_sdio.o(.text.SDIO_GetITStatus), (18 bytes).
    Removing stm32f10x_sdio.o(.ARM.exidx.text.SDIO_GetITStatus), (8 bytes).
    Removing stm32f10x_sdio.o(.text.SDIO_ClearITPendingBit), (12 bytes).
    Removing stm32f10x_sdio.o(.ARM.exidx.text.SDIO_ClearITPendingBit), (8 bytes).
    Removing stm32f10x_spi.o(.text), (0 bytes).
    Removing stm32f10x_spi.o(.text.SPI_I2S_DeInit), (104 bytes).
    Removing stm32f10x_spi.o(.ARM.exidx.text.SPI_I2S_DeInit), (8 bytes).
    Removing stm32f10x_spi.o(.text.SPI_Init), (70 bytes).
    Removing stm32f10x_spi.o(.ARM.exidx.text.SPI_Init), (8 bytes).
    Removing stm32f10x_spi.o(.text.I2S_Init), (162 bytes).
    Removing stm32f10x_spi.o(.ARM.exidx.text.I2S_Init), (8 bytes).
    Removing stm32f10x_spi.o(.text.SPI_StructInit), (16 bytes).
    Removing stm32f10x_spi.o(.ARM.exidx.text.SPI_StructInit), (8 bytes).
    Removing stm32f10x_spi.o(.text.I2S_StructInit), (14 bytes).
    Removing stm32f10x_spi.o(.ARM.exidx.text.I2S_StructInit), (8 bytes).
    Removing stm32f10x_spi.o(.text.SPI_Cmd), (20 bytes).
    Removing stm32f10x_spi.o(.ARM.exidx.text.SPI_Cmd), (8 bytes).
    Removing stm32f10x_spi.o(.text.I2S_Cmd), (20 bytes).
    Removing stm32f10x_spi.o(.ARM.exidx.text.I2S_Cmd), (8 bytes).
    Removing stm32f10x_spi.o(.text.SPI_I2S_ITConfig), (24 bytes).
    Removing stm32f10x_spi.o(.ARM.exidx.text.SPI_I2S_ITConfig), (8 bytes).
    Removing stm32f10x_spi.o(.text.SPI_I2S_DMACmd), (16 bytes).
    Removing stm32f10x_spi.o(.ARM.exidx.text.SPI_I2S_DMACmd), (8 bytes).
    Removing stm32f10x_spi.o(.text.SPI_I2S_SendData), (4 bytes).
    Removing stm32f10x_spi.o(.ARM.exidx.text.SPI_I2S_SendData), (8 bytes).
    Removing stm32f10x_spi.o(.text.SPI_I2S_ReceiveData), (4 bytes).
    Removing stm32f10x_spi.o(.ARM.exidx.text.SPI_I2S_ReceiveData), (8 bytes).
    Removing stm32f10x_spi.o(.text.SPI_NSSInternalSoftwareConfig), (24 bytes).
    Removing stm32f10x_spi.o(.ARM.exidx.text.SPI_NSSInternalSoftwareConfig), (8 bytes).
    Removing stm32f10x_spi.o(.text.SPI_SSOutputCmd), (20 bytes).
    Removing stm32f10x_spi.o(.ARM.exidx.text.SPI_SSOutputCmd), (8 bytes).
    Removing stm32f10x_spi.o(.text.SPI_DataSizeConfig), (16 bytes).
    Removing stm32f10x_spi.o(.ARM.exidx.text.SPI_DataSizeConfig), (8 bytes).
    Removing stm32f10x_spi.o(.text.SPI_TransmitCRC), (10 bytes).
    Removing stm32f10x_spi.o(.ARM.exidx.text.SPI_TransmitCRC), (8 bytes).
    Removing stm32f10x_spi.o(.text.SPI_CalculateCRC), (20 bytes).
    Removing stm32f10x_spi.o(.ARM.exidx.text.SPI_CalculateCRC), (8 bytes).
    Removing stm32f10x_spi.o(.text.SPI_GetCRC), (12 bytes).
    Removing stm32f10x_spi.o(.ARM.exidx.text.SPI_GetCRC), (8 bytes).
    Removing stm32f10x_spi.o(.text.SPI_GetCRCPolynomial), (4 bytes).
    Removing stm32f10x_spi.o(.ARM.exidx.text.SPI_GetCRCPolynomial), (8 bytes).
    Removing stm32f10x_spi.o(.text.SPI_BiDirectionalLineConfig), (24 bytes).
    Removing stm32f10x_spi.o(.ARM.exidx.text.SPI_BiDirectionalLineConfig), (8 bytes).
    Removing stm32f10x_spi.o(.text.SPI_I2S_GetFlagStatus), (10 bytes).
    Removing stm32f10x_spi.o(.ARM.exidx.text.SPI_I2S_GetFlagStatus), (8 bytes).
    Removing stm32f10x_spi.o(.text.SPI_I2S_ClearFlag), (6 bytes).
    Removing stm32f10x_spi.o(.ARM.exidx.text.SPI_I2S_ClearFlag), (8 bytes).
    Removing stm32f10x_spi.o(.text.SPI_I2S_GetITStatus), (32 bytes).
    Removing stm32f10x_spi.o(.ARM.exidx.text.SPI_I2S_GetITStatus), (8 bytes).
    Removing stm32f10x_spi.o(.text.SPI_I2S_ClearITPendingBit), (16 bytes).
    Removing stm32f10x_spi.o(.ARM.exidx.text.SPI_I2S_ClearITPendingBit), (8 bytes).
    Removing stm32f10x_tim.o(.text), (0 bytes).
    Removing stm32f10x_tim.o(.text.TIM_DeInit), (560 bytes).
    Removing stm32f10x_tim.o(.ARM.exidx.text.TIM_DeInit), (8 bytes).
    Removing stm32f10x_tim.o(.ARM.exidx.text.TIM_TimeBaseInit), (8 bytes).
    Removing stm32f10x_tim.o(.text.TIM_OC1Init), (112 bytes).
    Removing stm32f10x_tim.o(.ARM.exidx.text.TIM_OC1Init), (8 bytes).
    Removing stm32f10x_tim.o(.text.TIM_OC2Init), (116 bytes).
    Removing stm32f10x_tim.o(.ARM.exidx.text.TIM_OC2Init), (8 bytes).
    Removing stm32f10x_tim.o(.text.TIM_OC3Init), (116 bytes).
    Removing stm32f10x_tim.o(.ARM.exidx.text.TIM_OC3Init), (8 bytes).
    Removing stm32f10x_tim.o(.text.TIM_OC4Init), (92 bytes).
    Removing stm32f10x_tim.o(.ARM.exidx.text.TIM_OC4Init), (8 bytes).
    Removing stm32f10x_tim.o(.text.TIM_ICInit), (608 bytes).
    Removing stm32f10x_tim.o(.ARM.exidx.text.TIM_ICInit), (8 bytes).
    Removing stm32f10x_tim.o(.text.TIM_SetIC1Prescaler), (16 bytes).
    Removing stm32f10x_tim.o(.ARM.exidx.text.TIM_SetIC1Prescaler), (8 bytes).
    Removing stm32f10x_tim.o(.text.TIM_SetIC2Prescaler), (18 bytes).
    Removing stm32f10x_tim.o(.ARM.exidx.text.TIM_SetIC2Prescaler), (8 bytes).
    Removing stm32f10x_tim.o(.text.TIM_SetIC3Prescaler), (16 bytes).
    Removing stm32f10x_tim.o(.ARM.exidx.text.TIM_SetIC3Prescaler), (8 bytes).
    Removing stm32f10x_tim.o(.text.TIM_SetIC4Prescaler), (18 bytes).
    Removing stm32f10x_tim.o(.ARM.exidx.text.TIM_SetIC4Prescaler), (8 bytes).
    Removing stm32f10x_tim.o(.text.TIM_PWMIConfig), (596 bytes).
    Removing stm32f10x_tim.o(.ARM.exidx.text.TIM_PWMIConfig), (8 bytes).
    Removing stm32f10x_tim.o(.text.TIM_BDTRConfig), (40 bytes).
    Removing stm32f10x_tim.o(.ARM.exidx.text.TIM_BDTRConfig), (8 bytes).
    Removing stm32f10x_tim.o(.text.TIM_TimeBaseStructInit), (20 bytes).
    Removing stm32f10x_tim.o(.ARM.exidx.text.TIM_TimeBaseStructInit), (8 bytes).
    Removing stm32f10x_tim.o(.text.TIM_OCStructInit), (12 bytes).
    Removing stm32f10x_tim.o(.ARM.exidx.text.TIM_OCStructInit), (8 bytes).
    Removing stm32f10x_tim.o(.text.TIM_ICStructInit), (12 bytes).
    Removing stm32f10x_tim.o(.ARM.exidx.text.TIM_ICStructInit), (8 bytes).
    Removing stm32f10x_tim.o(.text.TIM_BDTRStructInit), (12 bytes).
    Removing stm32f10x_tim.o(.ARM.exidx.text.TIM_BDTRStructInit), (8 bytes).
    Removing stm32f10x_tim.o(.ARM.exidx.text.TIM_Cmd), (8 bytes).
    Removing stm32f10x_tim.o(.text.TIM_CtrlPWMOutputs), (24 bytes).
    Removing stm32f10x_tim.o(.ARM.exidx.text.TIM_CtrlPWMOutputs), (8 bytes).
    Removing stm32f10x_tim.o(.text.TIM_ITConfig), (16 bytes).
    Removing stm32f10x_tim.o(.ARM.exidx.text.TIM_ITConfig), (8 bytes).
    Removing stm32f10x_tim.o(.text.TIM_GenerateEvent), (4 bytes).
    Removing stm32f10x_tim.o(.ARM.exidx.text.TIM_GenerateEvent), (8 bytes).
    Removing stm32f10x_tim.o(.text.TIM_DMAConfig), (8 bytes).
    Removing stm32f10x_tim.o(.ARM.exidx.text.TIM_DMAConfig), (8 bytes).
    Removing stm32f10x_tim.o(.text.TIM_DMACmd), (16 bytes).
    Removing stm32f10x_tim.o(.ARM.exidx.text.TIM_DMACmd), (8 bytes).
    Removing stm32f10x_tim.o(.text.TIM_InternalClockConfig), (10 bytes).
    Removing stm32f10x_tim.o(.ARM.exidx.text.TIM_InternalClockConfig), (8 bytes).
    Removing stm32f10x_tim.o(.text.TIM_ITRxExternalClockConfig), (20 bytes).
    Removing stm32f10x_tim.o(.ARM.exidx.text.TIM_ITRxExternalClockConfig), (8 bytes).
    Removing stm32f10x_tim.o(.text.TIM_SelectInputTrigger), (12 bytes).
    Removing stm32f10x_tim.o(.ARM.exidx.text.TIM_SelectInputTrigger), (8 bytes).
    Removing stm32f10x_tim.o(.text.TIM_TIxExternalClockConfig), (280 bytes).
    Removing stm32f10x_tim.o(.ARM.exidx.text.TIM_TIxExternalClockConfig), (8 bytes).
    Removing stm32f10x_tim.o(.text.TIM_ETRClockMode1Config), (30 bytes).
    Removing stm32f10x_tim.o(.ARM.exidx.text.TIM_ETRClockMode1Config), (8 bytes).
    Removing stm32f10x_tim.o(.text.TIM_ETRConfig), (22 bytes).
    Removing stm32f10x_tim.o(.ARM.exidx.text.TIM_ETRConfig), (8 bytes).
    Removing stm32f10x_tim.o(.text.TIM_ETRClockMode2Config), (30 bytes).
    Removing stm32f10x_tim.o(.ARM.exidx.text.TIM_ETRClockMode2Config), (8 bytes).
    Removing stm32f10x_tim.o(.text.TIM_PrescalerConfig), (6 bytes).
    Removing stm32f10x_tim.o(.ARM.exidx.text.TIM_PrescalerConfig), (8 bytes).
    Removing stm32f10x_tim.o(.text.TIM_CounterModeConfig), (12 bytes).
    Removing stm32f10x_tim.o(.ARM.exidx.text.TIM_CounterModeConfig), (8 bytes).
    Removing stm32f10x_tim.o(.text.TIM_EncoderInterfaceConfig), (48 bytes).
    Removing stm32f10x_tim.o(.ARM.exidx.text.TIM_EncoderInterfaceConfig), (8 bytes).
    Removing stm32f10x_tim.o(.text.TIM_ForcedOC1Config), (12 bytes).
    Removing stm32f10x_tim.o(.ARM.exidx.text.TIM_ForcedOC1Config), (8 bytes).
    Removing stm32f10x_tim.o(.text.TIM_ForcedOC2Config), (14 bytes).
    Removing stm32f10x_tim.o(.ARM.exidx.text.TIM_ForcedOC2Config), (8 bytes).
    Removing stm32f10x_tim.o(.text.TIM_ForcedOC3Config), (12 bytes).
    Removing stm32f10x_tim.o(.ARM.exidx.text.TIM_ForcedOC3Config), (8 bytes).
    Removing stm32f10x_tim.o(.text.TIM_ForcedOC4Config), (14 bytes).
    Removing stm32f10x_tim.o(.ARM.exidx.text.TIM_ForcedOC4Config), (8 bytes).
    Removing stm32f10x_tim.o(.text.TIM_ARRPreloadConfig), (20 bytes).
    Removing stm32f10x_tim.o(.ARM.exidx.text.TIM_ARRPreloadConfig), (8 bytes).
    Removing stm32f10x_tim.o(.text.TIM_SelectCOM), (20 bytes).
    Removing stm32f10x_tim.o(.ARM.exidx.text.TIM_SelectCOM), (8 bytes).
    Removing stm32f10x_tim.o(.text.TIM_SelectCCDMA), (20 bytes).
    Removing stm32f10x_tim.o(.ARM.exidx.text.TIM_SelectCCDMA), (8 bytes).
    Removing stm32f10x_tim.o(.text.TIM_CCPreloadControl), (18 bytes).
    Removing stm32f10x_tim.o(.ARM.exidx.text.TIM_CCPreloadControl), (8 bytes).
    Removing stm32f10x_tim.o(.text.TIM_OC1PreloadConfig), (12 bytes).
    Removing stm32f10x_tim.o(.ARM.exidx.text.TIM_OC1PreloadConfig), (8 bytes).
    Removing stm32f10x_tim.o(.text.TIM_OC2PreloadConfig), (14 bytes).
    Removing stm32f10x_tim.o(.ARM.exidx.text.TIM_OC2PreloadConfig), (8 bytes).
    Removing stm32f10x_tim.o(.text.TIM_OC3PreloadConfig), (12 bytes).
    Removing stm32f10x_tim.o(.ARM.exidx.text.TIM_OC3PreloadConfig), (8 bytes).
    Removing stm32f10x_tim.o(.text.TIM_OC4PreloadConfig), (14 bytes).
    Removing stm32f10x_tim.o(.ARM.exidx.text.TIM_OC4PreloadConfig), (8 bytes).
    Removing stm32f10x_tim.o(.text.TIM_OC1FastConfig), (12 bytes).
    Removing stm32f10x_tim.o(.ARM.exidx.text.TIM_OC1FastConfig), (8 bytes).
    Removing stm32f10x_tim.o(.text.TIM_OC2FastConfig), (14 bytes).
    Removing stm32f10x_tim.o(.ARM.exidx.text.TIM_OC2FastConfig), (8 bytes).
    Removing stm32f10x_tim.o(.text.TIM_OC3FastConfig), (12 bytes).
    Removing stm32f10x_tim.o(.ARM.exidx.text.TIM_OC3FastConfig), (8 bytes).
    Removing stm32f10x_tim.o(.text.TIM_OC4FastConfig), (14 bytes).
    Removing stm32f10x_tim.o(.ARM.exidx.text.TIM_OC4FastConfig), (8 bytes).
    Removing stm32f10x_tim.o(.text.TIM_ClearOC1Ref), (12 bytes).
    Removing stm32f10x_tim.o(.ARM.exidx.text.TIM_ClearOC1Ref), (8 bytes).
    Removing stm32f10x_tim.o(.text.TIM_ClearOC2Ref), (14 bytes).
    Removing stm32f10x_tim.o(.ARM.exidx.text.TIM_ClearOC2Ref), (8 bytes).
    Removing stm32f10x_tim.o(.text.TIM_ClearOC3Ref), (12 bytes).
    Removing stm32f10x_tim.o(.ARM.exidx.text.TIM_ClearOC3Ref), (8 bytes).
    Removing stm32f10x_tim.o(.text.TIM_ClearOC4Ref), (14 bytes).
    Removing stm32f10x_tim.o(.ARM.exidx.text.TIM_ClearOC4Ref), (8 bytes).
    Removing stm32f10x_tim.o(.text.TIM_OC1PolarityConfig), (12 bytes).
    Removing stm32f10x_tim.o(.ARM.exidx.text.TIM_OC1PolarityConfig), (8 bytes).
    Removing stm32f10x_tim.o(.text.TIM_OC1NPolarityConfig), (12 bytes).
    Removing stm32f10x_tim.o(.ARM.exidx.text.TIM_OC1NPolarityConfig), (8 bytes).
    Removing stm32f10x_tim.o(.text.TIM_OC2PolarityConfig), (14 bytes).
    Removing stm32f10x_tim.o(.ARM.exidx.text.TIM_OC2PolarityConfig), (8 bytes).
    Removing stm32f10x_tim.o(.text.TIM_OC2NPolarityConfig), (14 bytes).
    Removing stm32f10x_tim.o(.ARM.exidx.text.TIM_OC2NPolarityConfig), (8 bytes).
    Removing stm32f10x_tim.o(.text.TIM_OC3PolarityConfig), (14 bytes).
    Removing stm32f10x_tim.o(.ARM.exidx.text.TIM_OC3PolarityConfig), (8 bytes).
    Removing stm32f10x_tim.o(.text.TIM_OC3NPolarityConfig), (14 bytes).
    Removing stm32f10x_tim.o(.ARM.exidx.text.TIM_OC3NPolarityConfig), (8 bytes).
    Removing stm32f10x_tim.o(.text.TIM_OC4PolarityConfig), (14 bytes).
    Removing stm32f10x_tim.o(.ARM.exidx.text.TIM_OC4PolarityConfig), (8 bytes).
    Removing stm32f10x_tim.o(.text.TIM_CCxCmd), (32 bytes).
    Removing stm32f10x_tim.o(.ARM.exidx.text.TIM_CCxCmd), (8 bytes).
    Removing stm32f10x_tim.o(.text.TIM_CCxNCmd), (32 bytes).
    Removing stm32f10x_tim.o(.ARM.exidx.text.TIM_CCxNCmd), (8 bytes).
    Removing stm32f10x_tim.o(.text.TIM_SelectOCxM), (84 bytes).
    Removing stm32f10x_tim.o(.ARM.exidx.text.TIM_SelectOCxM), (8 bytes).
    Removing stm32f10x_tim.o(.text.TIM_UpdateDisableConfig), (20 bytes).
    Removing stm32f10x_tim.o(.ARM.exidx.text.TIM_UpdateDisableConfig), (8 bytes).
    Removing stm32f10x_tim.o(.text.TIM_UpdateRequestConfig), (20 bytes).
    Removing stm32f10x_tim.o(.ARM.exidx.text.TIM_UpdateRequestConfig), (8 bytes).
    Removing stm32f10x_tim.o(.text.TIM_SelectHallSensor), (20 bytes).
    Removing stm32f10x_tim.o(.ARM.exidx.text.TIM_SelectHallSensor), (8 bytes).
    Removing stm32f10x_tim.o(.text.TIM_SelectOnePulseMode), (16 bytes).
    Removing stm32f10x_tim.o(.ARM.exidx.text.TIM_SelectOnePulseMode), (8 bytes).
    Removing stm32f10x_tim.o(.ARM.exidx.text.TIM_SelectOutputTrigger), (8 bytes).
    Removing stm32f10x_tim.o(.text.TIM_SelectSlaveMode), (16 bytes).
    Removing stm32f10x_tim.o(.ARM.exidx.text.TIM_SelectSlaveMode), (8 bytes).
    Removing stm32f10x_tim.o(.text.TIM_SelectMasterSlaveMode), (16 bytes).
    Removing stm32f10x_tim.o(.ARM.exidx.text.TIM_SelectMasterSlaveMode), (8 bytes).
    Removing stm32f10x_tim.o(.text.TIM_SetCounter), (4 bytes).
    Removing stm32f10x_tim.o(.ARM.exidx.text.TIM_SetCounter), (8 bytes).
    Removing stm32f10x_tim.o(.text.TIM_SetAutoreload), (4 bytes).
    Removing stm32f10x_tim.o(.ARM.exidx.text.TIM_SetAutoreload), (8 bytes).
    Removing stm32f10x_tim.o(.text.TIM_SetCompare1), (4 bytes).
    Removing stm32f10x_tim.o(.ARM.exidx.text.TIM_SetCompare1), (8 bytes).
    Removing stm32f10x_tim.o(.text.TIM_SetCompare2), (4 bytes).
    Removing stm32f10x_tim.o(.ARM.exidx.text.TIM_SetCompare2), (8 bytes).
    Removing stm32f10x_tim.o(.text.TIM_SetCompare3), (4 bytes).
    Removing stm32f10x_tim.o(.ARM.exidx.text.TIM_SetCompare3), (8 bytes).
    Removing stm32f10x_tim.o(.text.TIM_SetCompare4), (6 bytes).
    Removing stm32f10x_tim.o(.ARM.exidx.text.TIM_SetCompare4), (8 bytes).
    Removing stm32f10x_tim.o(.text.TIM_SetClockDivision), (16 bytes).
    Removing stm32f10x_tim.o(.ARM.exidx.text.TIM_SetClockDivision), (8 bytes).
    Removing stm32f10x_tim.o(.text.TIM_GetCapture1), (4 bytes).
    Removing stm32f10x_tim.o(.ARM.exidx.text.TIM_GetCapture1), (8 bytes).
    Removing stm32f10x_tim.o(.text.TIM_GetCapture2), (4 bytes).
    Removing stm32f10x_tim.o(.ARM.exidx.text.TIM_GetCapture2), (8 bytes).
    Removing stm32f10x_tim.o(.text.TIM_GetCapture3), (4 bytes).
    Removing stm32f10x_tim.o(.ARM.exidx.text.TIM_GetCapture3), (8 bytes).
    Removing stm32f10x_tim.o(.text.TIM_GetCapture4), (6 bytes).
    Removing stm32f10x_tim.o(.ARM.exidx.text.TIM_GetCapture4), (8 bytes).
    Removing stm32f10x_tim.o(.text.TIM_GetCounter), (4 bytes).
    Removing stm32f10x_tim.o(.ARM.exidx.text.TIM_GetCounter), (8 bytes).
    Removing stm32f10x_tim.o(.text.TIM_GetPrescaler), (4 bytes).
    Removing stm32f10x_tim.o(.ARM.exidx.text.TIM_GetPrescaler), (8 bytes).
    Removing stm32f10x_tim.o(.text.TIM_GetFlagStatus), (10 bytes).
    Removing stm32f10x_tim.o(.ARM.exidx.text.TIM_GetFlagStatus), (8 bytes).
    Removing stm32f10x_tim.o(.text.TIM_ClearFlag), (6 bytes).
    Removing stm32f10x_tim.o(.ARM.exidx.text.TIM_ClearFlag), (8 bytes).
    Removing stm32f10x_tim.o(.text.TIM_GetITStatus), (24 bytes).
    Removing stm32f10x_tim.o(.ARM.exidx.text.TIM_GetITStatus), (8 bytes).
    Removing stm32f10x_tim.o(.text.TIM_ClearITPendingBit), (6 bytes).
    Removing stm32f10x_tim.o(.ARM.exidx.text.TIM_ClearITPendingBit), (8 bytes).
    Removing stm32f10x_usart.o(.text), (0 bytes).
    Removing stm32f10x_usart.o(.text.USART_DeInit), (174 bytes).
    Removing stm32f10x_usart.o(.ARM.exidx.text.USART_DeInit), (8 bytes).
    Removing stm32f10x_usart.o(.ARM.exidx.text.USART_Init), (8 bytes).
    Removing stm32f10x_usart.o(.text.USART_StructInit), (18 bytes).
    Removing stm32f10x_usart.o(.ARM.exidx.text.USART_StructInit), (8 bytes).
    Removing stm32f10x_usart.o(.text.USART_ClockInit), (34 bytes).
    Removing stm32f10x_usart.o(.ARM.exidx.text.USART_ClockInit), (8 bytes).
    Removing stm32f10x_usart.o(.text.USART_ClockStructInit), (8 bytes).
    Removing stm32f10x_usart.o(.ARM.exidx.text.USART_ClockStructInit), (8 bytes).
    Removing stm32f10x_usart.o(.ARM.exidx.text.USART_Cmd), (8 bytes).
    Removing stm32f10x_usart.o(.text.USART_ITConfig), (46 bytes).
    Removing stm32f10x_usart.o(.ARM.exidx.text.USART_ITConfig), (8 bytes).
    Removing stm32f10x_usart.o(.text.USART_DMACmd), (16 bytes).
    Removing stm32f10x_usart.o(.ARM.exidx.text.USART_DMACmd), (8 bytes).
    Removing stm32f10x_usart.o(.text.USART_SetAddress), (16 bytes).
    Removing stm32f10x_usart.o(.ARM.exidx.text.USART_SetAddress), (8 bytes).
    Removing stm32f10x_usart.o(.text.USART_WakeUpConfig), (16 bytes).
    Removing stm32f10x_usart.o(.ARM.exidx.text.USART_WakeUpConfig), (8 bytes).
    Removing stm32f10x_usart.o(.text.USART_ReceiverWakeUpCmd), (20 bytes).
    Removing stm32f10x_usart.o(.ARM.exidx.text.USART_ReceiverWakeUpCmd), (8 bytes).
    Removing stm32f10x_usart.o(.text.USART_LINBreakDetectLengthConfig), (16 bytes).
    Removing stm32f10x_usart.o(.ARM.exidx.text.USART_LINBreakDetectLengthConfig), (8 bytes).
    Removing stm32f10x_usart.o(.text.USART_LINCmd), (20 bytes).
    Removing stm32f10x_usart.o(.ARM.exidx.text.USART_LINCmd), (8 bytes).
    Removing stm32f10x_usart.o(.ARM.exidx.text.USART_SendData), (8 bytes).
    Removing stm32f10x_usart.o(.text.USART_ReceiveData), (8 bytes).
    Removing stm32f10x_usart.o(.ARM.exidx.text.USART_ReceiveData), (8 bytes).
    Removing stm32f10x_usart.o(.text.USART_SendBreak), (10 bytes).
    Removing stm32f10x_usart.o(.ARM.exidx.text.USART_SendBreak), (8 bytes).
    Removing stm32f10x_usart.o(.text.USART_SetGuardTime), (16 bytes).
    Removing stm32f10x_usart.o(.ARM.exidx.text.USART_SetGuardTime), (8 bytes).
    Removing stm32f10x_usart.o(.text.USART_SetPrescaler), (16 bytes).
    Removing stm32f10x_usart.o(.ARM.exidx.text.USART_SetPrescaler), (8 bytes).
    Removing stm32f10x_usart.o(.text.USART_SmartCardCmd), (20 bytes).
    Removing stm32f10x_usart.o(.ARM.exidx.text.USART_SmartCardCmd), (8 bytes).
    Removing stm32f10x_usart.o(.text.USART_SmartCardNACKCmd), (20 bytes).
    Removing stm32f10x_usart.o(.ARM.exidx.text.USART_SmartCardNACKCmd), (8 bytes).
    Removing stm32f10x_usart.o(.text.USART_HalfDuplexCmd), (20 bytes).
    Removing stm32f10x_usart.o(.ARM.exidx.text.USART_HalfDuplexCmd), (8 bytes).
    Removing stm32f10x_usart.o(.text.USART_OverSampling8Cmd), (20 bytes).
    Removing stm32f10x_usart.o(.ARM.exidx.text.USART_OverSampling8Cmd), (8 bytes).
    Removing stm32f10x_usart.o(.text.USART_OneBitMethodCmd), (20 bytes).
    Removing stm32f10x_usart.o(.ARM.exidx.text.USART_OneBitMethodCmd), (8 bytes).
    Removing stm32f10x_usart.o(.text.USART_IrDAConfig), (16 bytes).
    Removing stm32f10x_usart.o(.ARM.exidx.text.USART_IrDAConfig), (8 bytes).
    Removing stm32f10x_usart.o(.text.USART_IrDACmd), (20 bytes).
    Removing stm32f10x_usart.o(.ARM.exidx.text.USART_IrDACmd), (8 bytes).
    Removing stm32f10x_usart.o(.ARM.exidx.text.USART_GetFlagStatus), (8 bytes).
    Removing stm32f10x_usart.o(.text.USART_ClearFlag), (6 bytes).
    Removing stm32f10x_usart.o(.ARM.exidx.text.USART_ClearFlag), (8 bytes).
    Removing stm32f10x_usart.o(.text.USART_GetITStatus), (50 bytes).
    Removing stm32f10x_usart.o(.ARM.exidx.text.USART_GetITStatus), (8 bytes).
    Removing stm32f10x_usart.o(.text.USART_ClearITPendingBit), (14 bytes).
    Removing stm32f10x_usart.o(.ARM.exidx.text.USART_ClearITPendingBit), (8 bytes).
    Removing stm32f10x_wwdg.o(.text), (0 bytes).
    Removing stm32f10x_wwdg.o(.text.WWDG_DeInit), (26 bytes).
    Removing stm32f10x_wwdg.o(.ARM.exidx.text.WWDG_DeInit), (8 bytes).
    Removing stm32f10x_wwdg.o(.text.WWDG_SetPrescaler), (20 bytes).
    Removing stm32f10x_wwdg.o(.ARM.exidx.text.WWDG_SetPrescaler), (8 bytes).
    Removing stm32f10x_wwdg.o(.text.WWDG_SetWindowValue), (40 bytes).
    Removing stm32f10x_wwdg.o(.ARM.exidx.text.WWDG_SetWindowValue), (8 bytes).
    Removing stm32f10x_wwdg.o(.text.WWDG_EnableIT), (14 bytes).
    Removing stm32f10x_wwdg.o(.ARM.exidx.text.WWDG_EnableIT), (8 bytes).
    Removing stm32f10x_wwdg.o(.text.WWDG_SetCounter), (16 bytes).
    Removing stm32f10x_wwdg.o(.ARM.exidx.text.WWDG_SetCounter), (8 bytes).
    Removing stm32f10x_wwdg.o(.text.WWDG_Enable), (16 bytes).
    Removing stm32f10x_wwdg.o(.ARM.exidx.text.WWDG_Enable), (8 bytes).
    Removing stm32f10x_wwdg.o(.text.WWDG_GetFlagStatus), (14 bytes).
    Removing stm32f10x_wwdg.o(.ARM.exidx.text.WWDG_GetFlagStatus), (8 bytes).
    Removing stm32f10x_wwdg.o(.text.WWDG_ClearFlag), (14 bytes).
    Removing stm32f10x_wwdg.o(.ARM.exidx.text.WWDG_ClearFlag), (8 bytes).
    Removing delay.o(.text), (0 bytes).
    Removing delay.o(.text.Delay_Init), (178 bytes).
    Removing delay.o(.ARM.exidx.text.Delay_Init), (8 bytes).
    Removing delay.o(.text.Delay), (28 bytes).
    Removing delay.o(.ARM.exidx.text.Delay), (8 bytes).
    Removing delay.o(.text.GetTick), (18 bytes).
    Removing delay.o(.ARM.exidx.text.GetTick), (8 bytes).
    Removing delay.o(.text.GetUs), (92 bytes).
    Removing delay.o(.ARM.exidx.text.GetUs), (8 bytes).
    Removing delay.o(.text.DelayUs), (188 bytes).
    Removing delay.o(.ARM.exidx.text.DelayUs), (8 bytes).
    Removing delay.o(.bss.delay_initialized_flag), (1 bytes).
    Removing delay.o(.bss.us_per_mini_tick), (4 bytes).
    Removing usart.o(.text), (0 bytes).
    Removing usart.o(.text.My_USART_SendByte), (22 bytes).
    Removing usart.o(.ARM.exidx.text.My_USART_SendByte), (8 bytes).
    Removing usart.o(.ARM.exidx.text.My_USART_SendBytes), (8 bytes).
    Removing usart.o(.text.My_USART_SendChar), (22 bytes).
    Removing usart.o(.ARM.exidx.text.My_USART_SendChar), (8 bytes).
    Removing usart.o(.text.My_USART_SendString), (26 bytes).
    Removing usart.o(.ARM.exidx.text.My_USART_SendString), (8 bytes).
    Removing usart.o(.ARM.exidx.text.My_USART_Printf), (8 bytes).
    Removing usart.o(.text.My_USART_ReceiveByte), (26 bytes).
    Removing usart.o(.ARM.exidx.text.My_USART_ReceiveByte), (8 bytes).
    Removing usart.o(.text.My_USART_ReceiveBytes), (84 bytes).
    Removing usart.o(.ARM.exidx.text.My_USART_ReceiveBytes), (8 bytes).
    Removing usart.o(.text.My_USART_ReceiveLine), (206 bytes).
    Removing usart.o(.ARM.exidx.text.My_USART_ReceiveLine), (8 bytes).
    Removing i2c.o(.text), (0 bytes).
    Removing i2c.o(.text.My_I2C_SendBytes), (276 bytes).
    Removing i2c.o(.ARM.exidx.text.My_I2C_SendBytes), (8 bytes).
    Removing i2c.o(.text.My_I2C_ReceiveBytes), (324 bytes).
    Removing i2c.o(.ARM.exidx.text.My_I2C_ReceiveBytes), (8 bytes).
    Removing si2c.o(.text), (0 bytes).
    Removing si2c.o(.text.delay), (2 bytes).
    Removing si2c.o(.ARM.exidx.text.delay), (8 bytes).
    Removing si2c.o(.text.My_SI2C_Init), (132 bytes).
    Removing si2c.o(.ARM.exidx.text.My_SI2C_Init), (8 bytes).
    Removing si2c.o(.text.My_SI2C_SendBytes), (224 bytes).
    Removing si2c.o(.ARM.exidx.text.My_SI2C_SendBytes), (8 bytes).
    Removing si2c.o(.text.SendByte), (98 bytes).
    Removing si2c.o(.ARM.exidx.text.SendByte), (8 bytes).
    Removing si2c.o(.text.My_SI2C_ReceiveBytes), (244 bytes).
    Removing si2c.o(.ARM.exidx.text.My_SI2C_ReceiveBytes), (8 bytes).
    Removing si2c.o(.rodata.cst16), (16 bytes).
    Removing oled.o(.text), (0 bytes).
    Removing oled.o(.text.OLED_Init), (500 bytes).
    Removing oled.o(.ARM.exidx.text.OLED_Init), (8 bytes).
    Removing oled.o(.text.OLED_SendCommand), (76 bytes).
    Removing oled.o(.ARM.exidx.text.OLED_SendCommand), (8 bytes).
    Removing oled.o(.text.OLED_StartClipRegion), (16 bytes).
    Removing oled.o(.ARM.exidx.text.OLED_StartClipRegion), (8 bytes).
    Removing oled.o(.text.OLED_StopClipRegion), (12 bytes).
    Removing oled.o(.ARM.exidx.text.OLED_StopClipRegion), (8 bytes).
    Removing oled.o(.text.OLED_GetScreenWidth), (4 bytes).
    Removing oled.o(.ARM.exidx.text.OLED_GetScreenWidth), (8 bytes).
    Removing oled.o(.text.OLED_GetScreenHeight), (4 bytes).
    Removing oled.o(.ARM.exidx.text.OLED_GetScreenHeight), (8 bytes).
    Removing oled.o(.text.OLED_Clear), (14 bytes).
    Removing oled.o(.ARM.exidx.text.OLED_Clear), (8 bytes).
    Removing oled.o(.text.OLED_SetFont), (4 bytes).
    Removing oled.o(.ARM.exidx.text.OLED_SetFont), (8 bytes).
    Removing oled.o(.text.OLED_SetPen), (6 bytes).
    Removing oled.o(.ARM.exidx.text.OLED_SetPen), (8 bytes).
    Removing oled.o(.text.OLED_SetBrush), (4 bytes).
    Removing oled.o(.ARM.exidx.text.OLED_SetBrush), (8 bytes).
    Removing oled.o(.text.OLED_SetCursor), (6 bytes).
    Removing oled.o(.ARM.exidx.text.OLED_SetCursor), (8 bytes).
    Removing oled.o(.text.OLED_SetCursorX), (4 bytes).
    Removing oled.o(.ARM.exidx.text.OLED_SetCursorX), (8 bytes).
    Removing oled.o(.text.OLED_SetCursorY), (4 bytes).
    Removing oled.o(.ARM.exidx.text.OLED_SetCursorY), (8 bytes).
    Removing oled.o(.text.OLED_MoveCursor), (14 bytes).
    Removing oled.o(.ARM.exidx.text.OLED_MoveCursor), (8 bytes).
    Removing oled.o(.text.OLED_MoveCursorX), (8 bytes).
    Removing oled.o(.ARM.exidx.text.OLED_MoveCursorX), (8 bytes).
    Removing oled.o(.text.OLED_MoveCursorY), (8 bytes).
    Removing oled.o(.ARM.exidx.text.OLED_MoveCursorY), (8 bytes).
    Removing oled.o(.text.OLED_GetCursor), (10 bytes).
    Removing oled.o(.ARM.exidx.text.OLED_GetCursor), (8 bytes).
    Removing oled.o(.text.OLED_GetCursorX), (6 bytes).
    Removing oled.o(.ARM.exidx.text.OLED_GetCursorX), (8 bytes).
    Removing oled.o(.text.OLED_GetCursorY), (6 bytes).
    Removing oled.o(.ARM.exidx.text.OLED_GetCursorY), (8 bytes).
    Removing oled.o(.text.OLED_DrawString), (218 bytes).
    Removing oled.o(.ARM.exidx.text.OLED_DrawString), (8 bytes).
    Removing oled.o(.text.DrawCharator), (450 bytes).
    Removing oled.o(.ARM.exidx.text.DrawCharator), (8 bytes).
    Removing oled.o(.text.OLED_StartTextRegion), (26 bytes).
    Removing oled.o(.ARM.exidx.text.OLED_StartTextRegion), (8 bytes).
    Removing oled.o(.text.OLED_GetFontHeight), (6 bytes).
    Removing oled.o(.ARM.exidx.text.OLED_GetFontHeight), (8 bytes).
    Removing oled.o(.text.OLED_StopTextRegion), (12 bytes).
    Removing oled.o(.ARM.exidx.text.OLED_StopTextRegion), (8 bytes).
    Removing oled.o(.text.OLED_Printf), (42 bytes).
    Removing oled.o(.ARM.exidx.text.OLED_Printf), (8 bytes).
    Removing oled.o(.text.OLED_GetStrWidth), (540 bytes).
    Removing oled.o(.ARM.exidx.text.OLED_GetStrWidth), (8 bytes).
    Removing oled.o(.text.OLED_DrawDot), (12 bytes).
    Removing oled.o(.ARM.exidx.text.OLED_DrawDot), (8 bytes).
    Removing oled.o(.text.PenDot), (206 bytes).
    Removing oled.o(.ARM.exidx.text.PenDot), (8 bytes).
    Removing oled.o(.text.OLED_DrawLine), (414 bytes).
    Removing oled.o(.ARM.exidx.text.OLED_DrawLine), (8 bytes).
    Removing oled.o(.text.OLED_LineTo), (18 bytes).
    Removing oled.o(.ARM.exidx.text.OLED_LineTo), (8 bytes).
    Removing oled.o(.text.OLED_DrawCircle), (714 bytes).
    Removing oled.o(.ARM.exidx.text.OLED_DrawCircle), (8 bytes).
    Removing oled.o(.text.OLED_DrawRect), (240 bytes).
    Removing oled.o(.ARM.exidx.text.OLED_DrawRect), (8 bytes).
    Removing oled.o(.text.FillRect), (178 bytes).
    Removing oled.o(.ARM.exidx.text.FillRect), (8 bytes).
    Removing oled.o(.text.OLED_StartSendBuffer), (96 bytes).
    Removing oled.o(.ARM.exidx.text.OLED_StartSendBuffer), (8 bytes).
    Removing oled.o(.text.OLED_EndSendBuffer), (68 bytes).
    Removing oled.o(.ARM.exidx.text.OLED_EndSendBuffer), (8 bytes).
    Removing oled.o(.text.OLED_SendBuffer), (120 bytes).
    Removing oled.o(.ARM.exidx.text.OLED_SendBuffer), (8 bytes).
    Removing oled.o(.text.OLED_DrawBitmap), (34 bytes).
    Removing oled.o(.ARM.exidx.text.OLED_DrawBitmap), (8 bytes).
    Removing oled.o(.text.DrawBitmapEx), (292 bytes).
    Removing oled.o(.ARM.exidx.text.DrawBitmapEx), (8 bytes).
    Removing oled.o(.rodata.str1.1), (490 bytes).
    Removing oled.o(.rodata.default_font_Map), (380 bytes).
    Removing oled.o(.rodata.default_font_Glyphs), (4180 bytes).
    Removing oled.o(.rodata.default_font), (36 bytes).
    Removing oled.o(.rodata.default_font_GlyphBitmap_0020), (1 bytes).
    Removing oled.o(.rodata.default_font_GlyphBitmap_0021), (7 bytes).
    Removing oled.o(.rodata.default_font_GlyphBitmap_0022), (3 bytes).
    Removing oled.o(.rodata.default_font_GlyphBitmap_0023), (7 bytes).
    Removing oled.o(.rodata.default_font_GlyphBitmap_0024), (6 bytes).
    Removing oled.o(.rodata.default_font_GlyphBitmap_0025), (7 bytes).
    Removing oled.o(.rodata.default_font_GlyphBitmap_0026), (7 bytes).
    Removing oled.o(.rodata.default_font_GlyphBitmap_0027), (3 bytes).
    Removing oled.o(.rodata.default_font_GlyphBitmap_0028), (7 bytes).
    Removing oled.o(.rodata.default_font_GlyphBitmap_0029), (7 bytes).
    Removing oled.o(.rodata.default_font_GlyphBitmap_002A), (5 bytes).
    Removing oled.o(.rodata.default_font_GlyphBitmap_002B), (5 bytes).
    Removing oled.o(.rodata.default_font_GlyphBitmap_002C), (3 bytes).
    Removing oled.o(.rodata.default_font_GlyphBitmap_002D), (1 bytes).
    Removing oled.o(.rodata.default_font_GlyphBitmap_002E), (2 bytes).
    Removing oled.o(.rodata.default_font_GlyphBitmap_002F), (5 bytes).
    Removing oled.o(.rodata.default_font_GlyphBitmap_0030), (7 bytes).
    Removing oled.o(.rodata.default_font_GlyphBitmap_0031), (7 bytes).
    Removing oled.o(.rodata.default_font_GlyphBitmap_0032), (7 bytes).
    Removing oled.o(.rodata.default_font_GlyphBitmap_0033), (7 bytes).
    Removing oled.o(.rodata.default_font_GlyphBitmap_0034), (7 bytes).
    Removing oled.o(.rodata.default_font_GlyphBitmap_0035), (7 bytes).
    Removing oled.o(.rodata.default_font_GlyphBitmap_0036), (7 bytes).
    Removing oled.o(.rodata.default_font_GlyphBitmap_0037), (7 bytes).
    Removing oled.o(.rodata.default_font_GlyphBitmap_0038), (7 bytes).
    Removing oled.o(.rodata.default_font_GlyphBitmap_0039), (7 bytes).
    Removing oled.o(.rodata.default_font_GlyphBitmap_003A), (5 bytes).
    Removing oled.o(.rodata.default_font_GlyphBitmap_003B), (6 bytes).
    Removing oled.o(.rodata.default_font_GlyphBitmap_003C), (7 bytes).
    Removing oled.o(.rodata.default_font_GlyphBitmap_003D), (3 bytes).
    Removing oled.o(.rodata.default_font_GlyphBitmap_003E), (7 bytes).
    Removing oled.o(.rodata.default_font_GlyphBitmap_003F), (7 bytes).
    Removing oled.o(.rodata.default_font_GlyphBitmap_0040), (7 bytes).
    Removing oled.o(.rodata.default_font_GlyphBitmap_0041), (7 bytes).
    Removing oled.o(.rodata.default_font_GlyphBitmap_0042), (7 bytes).
    Removing oled.o(.rodata.default_font_GlyphBitmap_0043), (7 bytes).
    Removing oled.o(.rodata.default_font_GlyphBitmap_0044), (7 bytes).
    Removing oled.o(.rodata.default_font_GlyphBitmap_0045), (7 bytes).
    Removing oled.o(.rodata.default_font_GlyphBitmap_0046), (7 bytes).
    Removing oled.o(.rodata.default_font_GlyphBitmap_0047), (7 bytes).
    Removing oled.o(.rodata.default_font_GlyphBitmap_0048), (7 bytes).
    Removing oled.o(.rodata.default_font_GlyphBitmap_0049), (7 bytes).
    Removing oled.o(.rodata.default_font_GlyphBitmap_004A), (7 bytes).
    Removing oled.o(.rodata.default_font_GlyphBitmap_004B), (7 bytes).
    Removing oled.o(.rodata.default_font_GlyphBitmap_004C), (7 bytes).
    Removing oled.o(.rodata.default_font_GlyphBitmap_004D), (7 bytes).
    Removing oled.o(.rodata.default_font_GlyphBitmap_004E), (7 bytes).
    Removing oled.o(.rodata.default_font_GlyphBitmap_004F), (7 bytes).
    Removing oled.o(.rodata.default_font_GlyphBitmap_0050), (7 bytes).
    Removing oled.o(.rodata.default_font_GlyphBitmap_0051), (7 bytes).
    Removing oled.o(.rodata.default_font_GlyphBitmap_0052), (7 bytes).
    Removing oled.o(.rodata.default_font_GlyphBitmap_0053), (7 bytes).
    Removing oled.o(.rodata.default_font_GlyphBitmap_0054), (7 bytes).
    Removing oled.o(.rodata.default_font_GlyphBitmap_0055), (7 bytes).
    Removing oled.o(.rodata.default_font_GlyphBitmap_0056), (7 bytes).
    Removing oled.o(.rodata.default_font_GlyphBitmap_0057), (7 bytes).
    Removing oled.o(.rodata.default_font_GlyphBitmap_0058), (7 bytes).
    Removing oled.o(.rodata.default_font_GlyphBitmap_0059), (7 bytes).
    Removing oled.o(.rodata.default_font_GlyphBitmap_005A), (7 bytes).
    Removing oled.o(.rodata.default_font_GlyphBitmap_005B), (7 bytes).
    Removing oled.o(.rodata.default_font_GlyphBitmap_005C), (5 bytes).
    Removing oled.o(.rodata.default_font_GlyphBitmap_005D), (7 bytes).
    Removing oled.o(.rodata.default_font_GlyphBitmap_005E), (3 bytes).
    Removing oled.o(.rodata.default_font_GlyphBitmap_005F), (1 bytes).
    Removing oled.o(.rodata.default_font_GlyphBitmap_0060), (3 bytes).
    Removing oled.o(.rodata.default_font_GlyphBitmap_0061), (5 bytes).
    Removing oled.o(.rodata.default_font_GlyphBitmap_0062), (7 bytes).
    Removing oled.o(.rodata.default_font_GlyphBitmap_0063), (5 bytes).
    Removing oled.o(.rodata.default_font_GlyphBitmap_0064), (7 bytes).
    Removing oled.o(.rodata.default_font_GlyphBitmap_0065), (5 bytes).
    Removing oled.o(.rodata.default_font_GlyphBitmap_0066), (7 bytes).
    Removing oled.o(.rodata.default_font_GlyphBitmap_0067), (5 bytes).
    Removing oled.o(.rodata.default_font_GlyphBitmap_0068), (7 bytes).
    Removing oled.o(.rodata.default_font_GlyphBitmap_0069), (7 bytes).
    Removing oled.o(.rodata.default_font_GlyphBitmap_006A), (7 bytes).
    Removing oled.o(.rodata.default_font_GlyphBitmap_006B), (7 bytes).
    Removing oled.o(.rodata.default_font_GlyphBitmap_006C), (7 bytes).
    Removing oled.o(.rodata.default_font_GlyphBitmap_006D), (5 bytes).
    Removing oled.o(.rodata.default_font_GlyphBitmap_006E), (5 bytes).
    Removing oled.o(.rodata.default_font_GlyphBitmap_006F), (5 bytes).
    Removing oled.o(.rodata.default_font_GlyphBitmap_0070), (5 bytes).
    Removing oled.o(.rodata.default_font_GlyphBitmap_0071), (6 bytes).
    Removing oled.o(.rodata.default_font_GlyphBitmap_0072), (5 bytes).
    Removing oled.o(.rodata.default_font_GlyphBitmap_0073), (5 bytes).
    Removing oled.o(.rodata.default_font_GlyphBitmap_0074), (7 bytes).
    Removing oled.o(.rodata.default_font_GlyphBitmap_0075), (6 bytes).
    Removing oled.o(.rodata.default_font_GlyphBitmap_0076), (5 bytes).
    Removing oled.o(.rodata.default_font_GlyphBitmap_0077), (5 bytes).
    Removing oled.o(.rodata.default_font_GlyphBitmap_0078), (5 bytes).
    Removing oled.o(.rodata.default_font_GlyphBitmap_0079), (5 bytes).
    Removing oled.o(.rodata.default_font_GlyphBitmap_007A), (5 bytes).
    Removing oled.o(.rodata.default_font_GlyphBitmap_007B), (7 bytes).
    Removing oled.o(.rodata.default_font_GlyphBitmap_007C), (7 bytes).
    Removing oled.o(.rodata.default_font_GlyphBitmap_007D), (7 bytes).
    Removing oled.o(.rodata.default_font_GlyphBitmap_007E), (3 bytes).
    Removing button.o(.text), (0 bytes).
    Removing button.o(.text.My_Button_Init), (164 bytes).
    Removing button.o(.ARM.exidx.text.My_Button_Init), (8 bytes).
    Removing button.o(.text.My_Button_Proc), (274 bytes).
    Removing button.o(.ARM.exidx.text.My_Button_Proc), (8 bytes).
    Removing button.o(.text.MyButton_GetState), (6 bytes).
    Removing button.o(.ARM.exidx.text.MyButton_GetState), (8 bytes).
    Removing spi.o(.text), (0 bytes).
    Removing spi.o(.text.My_SPI_MasterTransmitReceive), (124 bytes).
    Removing spi.o(.ARM.exidx.text.My_SPI_MasterTransmitReceive), (8 bytes).
    Removing fmul.o(.text), (100 bytes).
    Removing ffltui.o(.text), (10 bytes).
    Removing dflti.o(.text), (34 bytes).
    Removing dfltui.o(.text), (26 bytes).
    Removing ffixui.o(.text), (40 bytes).
    Removing dfixi.o(.text), (62 bytes).
    Removing d2f.o(.text), (56 bytes).
    Removing fepilogue.o(.text), (110 bytes).
    Removing drnd.o(.text), (136 bytes).
    Removing cdcmple.o(.text), (48 bytes).

1200 unused section(s) (total 40135 bytes) removed from the image.

==============================================================================

Image Symbol Table

    Local Symbols

    Symbol Name                              Value     Ov Type        Size  Object(Section)

    ../clib/division.s                       0x00000000   Number         0  aeabi_sdiv.o ABSOLUTE
    ../clib/microlib/division.c              0x00000000   Number         0  uidiv.o ABSOLUTE
    ../clib/microlib/division.c              0x00000000   Number         0  uldiv.o ABSOLUTE
    ../clib/microlib/init/entry.s            0x00000000   Number         0  entry.o ABSOLUTE
    ../clib/microlib/init/entry.s            0x00000000   Number         0  entry2.o ABSOLUTE
    ../clib/microlib/init/entry.s            0x00000000   Number         0  entry5.o ABSOLUTE
    ../clib/microlib/init/entry.s            0x00000000   Number         0  entry7a.o ABSOLUTE
    ../clib/microlib/init/entry.s            0x00000000   Number         0  entry7b.o ABSOLUTE
    ../clib/microlib/init/entry.s            0x00000000   Number         0  entry8a.o ABSOLUTE
    ../clib/microlib/init/entry.s            0x00000000   Number         0  entry8b.o ABSOLUTE
    ../clib/microlib/init/entry.s            0x00000000   Number         0  entry9a.o ABSOLUTE
    ../clib/microlib/init/entry.s            0x00000000   Number         0  entry9b.o ABSOLUTE
    ../clib/microlib/init/entry.s            0x00000000   Number         0  entry10a.o ABSOLUTE
    ../clib/microlib/init/entry.s            0x00000000   Number         0  entry10b.o ABSOLUTE
    ../clib/microlib/init/entry.s            0x00000000   Number         0  entry11a.o ABSOLUTE
    ../clib/microlib/init/entry.s            0x00000000   Number         0  entry11b.o ABSOLUTE
    ../clib/microlib/longlong.c              0x00000000   Number         0  llshl.o ABSOLUTE
    ../clib/microlib/longlong.c              0x00000000   Number         0  llushr.o ABSOLUTE
    ../clib/microlib/longlong.c              0x00000000   Number         0  llsshr.o ABSOLUTE
    ../clib/microlib/malloc/malloc.c         0x00000000   Number         0  malloc.o ABSOLUTE
    ../clib/microlib/malloc/malloc.c         0x00000000   Number         0  mallocr.o ABSOLUTE
    ../clib/microlib/malloc/malloc.c         0x00000000   Number         0  malloca.o ABSOLUTE
    ../clib/microlib/malloc/malloc.c         0x00000000   Number         0  mallocra.o ABSOLUTE
    ../clib/microlib/malloc/mvars.c          0x00000000   Number         0  mvars.o ABSOLUTE
    ../clib/microlib/printf/printf.c         0x00000000   Number         0  printfa.o ABSOLUTE
    ../clib/microlib/stdio/fputc.c           0x00000000   Number         0  fputc.o ABSOLUTE
    ../clib/microlib/stdio/fputc.c           0x00000000   Number         0  fputc_h.o ABSOLUTE
    ../clib/microlib/stdio/semi.s            0x00000000   Number         0  semi.o ABSOLUTE
    ../clib/microlib/stdio/streams.c         0x00000000   Number         0  stdout.o ABSOLUTE
    ../clib/microlib/string/memcpy.c         0x00000000   Number         0  memcpya.o ABSOLUTE
    ../clib/microlib/string/memcpy.c         0x00000000   Number         0  memcpyb.o ABSOLUTE
    ../clib/microlib/string/memset.c         0x00000000   Number         0  memseta.o ABSOLUTE
    ../clib/microlib/string/strlen.c         0x00000000   Number         0  strlen.o ABSOLUTE
    ../clib/microlib/stubs.s                 0x00000000   Number         0  iusefp.o ABSOLUTE
    ../clib/microlib/stubs.s                 0x00000000   Number         0  iusesemip.o ABSOLUTE
    ../fplib/microlib/d2f.c                  0x00000000   Number         0  d2f.o ABSOLUTE
    ../fplib/microlib/fpadd.c                0x00000000   Number         0  dadd.o ABSOLUTE
    ../fplib/microlib/fpdiv.c                0x00000000   Number         0  ddiv.o ABSOLUTE
    ../fplib/microlib/fpepilogue.c           0x00000000   Number         0  fepilogue.o ABSOLUTE
    ../fplib/microlib/fpepilogue.c           0x00000000   Number         0  depilogue.o ABSOLUTE
    ../fplib/microlib/fpfix.c                0x00000000   Number         0  ffixui.o ABSOLUTE
    ../fplib/microlib/fpfix.c                0x00000000   Number         0  dfixi.o ABSOLUTE
    ../fplib/microlib/fpfix.c                0x00000000   Number         0  dfixul.o ABSOLUTE
    ../fplib/microlib/fpflt.c                0x00000000   Number         0  ffltui.o ABSOLUTE
    ../fplib/microlib/fpflt.c                0x00000000   Number         0  dflti.o ABSOLUTE
    ../fplib/microlib/fpflt.c                0x00000000   Number         0  dfltui.o ABSOLUTE
    ../fplib/microlib/fpmul.c                0x00000000   Number         0  fmul.o ABSOLUTE
    ../fplib/microlib/fpmul.c                0x00000000   Number         0  dmul.o ABSOLUTE
    ../fplib/microlib/fprnd.c                0x00000000   Number         0  drnd.o ABSOLUTE
    ../mathlib/ceil.c                        0x00000000   Number         0  ceil.o ABSOLUTE
    ../mathlib/round.c                       0x00000000   Number         0  round.o ABSOLUTE
    button.c                                 0x00000000   Number         0  button.o ABSOLUTE
    cdcmple.s                                0x00000000   Number         0  cdcmple.o ABSOLUTE
    cdrcmple.s                               0x00000000   Number         0  cdrcmple.o ABSOLUTE
    dc.s                                     0x00000000   Number         0  dc.o ABSOLUTE
    delay.c                                  0x00000000   Number         0  delay.o ABSOLUTE
    handlers.s                               0x00000000   Number         0  handlers.o ABSOLUTE
    i2c.c                                    0x00000000   Number         0  i2c.o ABSOLUTE
    init.s                                   0x00000000   Number         0  init.o ABSOLUTE
    main.c                                   0x00000000   Number         0  main.o ABSOLUTE
    misc.c                                   0x00000000   Number         0  misc.o ABSOLUTE
    oled.c                                   0x00000000   Number         0  oled.o ABSOLUTE
    si2c.c                                   0x00000000   Number         0  si2c.o ABSOLUTE
    spi.c                                    0x00000000   Number         0  spi.o ABSOLUTE
    startup/startup_stm32f10x_md.s           0x00000000   Number         0  startup_stm32f10x_md.o ABSOLUTE
    stm32f10x_adc.c                          0x00000000   Number         0  stm32f10x_adc.o ABSOLUTE
    stm32f10x_bkp.c                          0x00000000   Number         0  stm32f10x_bkp.o ABSOLUTE
    stm32f10x_can.c                          0x00000000   Number         0  stm32f10x_can.o ABSOLUTE
    stm32f10x_cec.c                          0x00000000   Number         0  stm32f10x_cec.o ABSOLUTE
    stm32f10x_crc.c                          0x00000000   Number         0  stm32f10x_crc.o ABSOLUTE
    stm32f10x_dac.c                          0x00000000   Number         0  stm32f10x_dac.o ABSOLUTE
    stm32f10x_dbgmcu.c                       0x00000000   Number         0  stm32f10x_dbgmcu.o ABSOLUTE
    stm32f10x_dma.c                          0x00000000   Number         0  stm32f10x_dma.o ABSOLUTE
    stm32f10x_exti.c                         0x00000000   Number         0  stm32f10x_exti.o ABSOLUTE
    stm32f10x_flash.c                        0x00000000   Number         0  stm32f10x_flash.o ABSOLUTE
    stm32f10x_fsmc.c                         0x00000000   Number         0  stm32f10x_fsmc.o ABSOLUTE
    stm32f10x_gpio.c                         0x00000000   Number         0  stm32f10x_gpio.o ABSOLUTE
    stm32f10x_i2c.c                          0x00000000   Number         0  stm32f10x_i2c.o ABSOLUTE
    stm32f10x_it.c                           0x00000000   Number         0  stm32f10x_it.o ABSOLUTE
    stm32f10x_iwdg.c                         0x00000000   Number         0  stm32f10x_iwdg.o ABSOLUTE
    stm32f10x_pwr.c                          0x00000000   Number         0  stm32f10x_pwr.o ABSOLUTE
    stm32f10x_rcc.c                          0x00000000   Number         0  stm32f10x_rcc.o ABSOLUTE
    stm32f10x_rtc.c                          0x00000000   Number         0  stm32f10x_rtc.o ABSOLUTE
    stm32f10x_sdio.c                         0x00000000   Number         0  stm32f10x_sdio.o ABSOLUTE
    stm32f10x_spi.c                          0x00000000   Number         0  stm32f10x_spi.o ABSOLUTE
    stm32f10x_tim.c                          0x00000000   Number         0  stm32f10x_tim.o ABSOLUTE
    stm32f10x_usart.c                        0x00000000   Number         0  stm32f10x_usart.o ABSOLUTE
    stm32f10x_wwdg.c                         0x00000000   Number         0  stm32f10x_wwdg.o ABSOLUTE
    system_stm32f10x.c                       0x00000000   Number         0  system_stm32f10x.o ABSOLUTE
    usart.c                                  0x00000000   Number         0  usart.o ABSOLUTE
    RESET                                    0x08000000   Section      236  startup_stm32f10x_md.o(RESET)
    .ARM.Collect$$$$00000000                 0x080000ec   Section        0  entry.o(.ARM.Collect$$$$00000000)
    .ARM.Collect$$$$00000001                 0x080000ec   Section        4  entry2.o(.ARM.Collect$$$$00000001)
    .ARM.Collect$$$$00000004                 0x080000f0   Section        4  entry5.o(.ARM.Collect$$$$00000004)
    .ARM.Collect$$$$00000008                 0x080000f4   Section        0  entry7b.o(.ARM.Collect$$$$00000008)
    .ARM.Collect$$$$0000000A                 0x080000f4   Section        0  entry8b.o(.ARM.Collect$$$$0000000A)
    .ARM.Collect$$$$0000000B                 0x080000f4   Section        8  entry9a.o(.ARM.Collect$$$$0000000B)
    __lit__00000000                          0x080000fc   Data           4  entry2.o(.ARM.Collect$$$$00002712)
    .ARM.Collect$$$$0000000D                 0x080000fc   Section        0  entry10a.o(.ARM.Collect$$$$0000000D)
    .ARM.Collect$$$$0000000F                 0x080000fc   Section        0  entry11a.o(.ARM.Collect$$$$0000000F)
    .ARM.Collect$$$$00002712                 0x080000fc   Section        4  entry2.o(.ARM.Collect$$$$00002712)
    .text                                    0x08000100   Section       36  startup_stm32f10x_md.o(.text)
    .text                                    0x08000124   Section        0  strlen.o(.text)
    .text                                    0x08000132   Section        0  dadd.o(.text)
    .text                                    0x08000280   Section        0  dmul.o(.text)
    .text                                    0x08000364   Section        0  ddiv.o(.text)
    .text                                    0x08000442   Section        0  uidiv.o(.text)
    .text                                    0x0800046e   Section        0  uldiv.o(.text)
    .text                                    0x080004d0   Section        0  llshl.o(.text)
    .text                                    0x080004ee   Section        0  llushr.o(.text)
    .text                                    0x0800050e   Section        0  llsshr.o(.text)
    .text                                    0x08000532   Section        0  iusefp.o(.text)
    .text                                    0x08000532   Section        0  depilogue.o(.text)
    .text                                    0x080005ec   Section        0  dfixul.o(.text)
    .text                                    0x0800061c   Section       48  cdrcmple.o(.text)
    .text                                    0x0800064c   Section       48  init.o(.text)
    [Anonymous Symbol]                       0x0800067c   Section        0  stm32f10x_adc.o(.text.ADC_ClearFlag)
    [Anonymous Symbol]                       0x08000684   Section        0  stm32f10x_adc.o(.text.ADC_Cmd)
    [Anonymous Symbol]                       0x08000694   Section        0  stm32f10x_adc.o(.text.ADC_ExternalTrigConvCmd)
    [Anonymous Symbol]                       0x080006a8   Section        0  stm32f10x_adc.o(.text.ADC_ExternalTrigInjectedConvCmd)
    [Anonymous Symbol]                       0x080006bc   Section        0  stm32f10x_adc.o(.text.ADC_ExternalTrigInjectedConvConfig)
    [Anonymous Symbol]                       0x080006c8   Section        0  stm32f10x_adc.o(.text.ADC_GetCalibrationStatus)
    [Anonymous Symbol]                       0x080006d0   Section        0  stm32f10x_adc.o(.text.ADC_GetFlagStatus)
    [Anonymous Symbol]                       0x080006dc   Section        0  stm32f10x_adc.o(.text.ADC_GetInjectedConversionValue)
    [Anonymous Symbol]                       0x080006f8   Section        0  stm32f10x_adc.o(.text.ADC_GetResetCalibrationStatus)
    [Anonymous Symbol]                       0x08000700   Section        0  stm32f10x_adc.o(.text.ADC_Init)
    [Anonymous Symbol]                       0x08000754   Section        0  stm32f10x_adc.o(.text.ADC_InjectedChannelConfig)
    [Anonymous Symbol]                       0x080007a4   Section        0  stm32f10x_adc.o(.text.ADC_InjectedSequencerLengthConfig)
    [Anonymous Symbol]                       0x080007bc   Section        0  stm32f10x_adc.o(.text.ADC_RegularChannelConfig)
    [Anonymous Symbol]                       0x0800081c   Section        0  stm32f10x_adc.o(.text.ADC_ResetCalibration)
    [Anonymous Symbol]                       0x08000828   Section        0  stm32f10x_adc.o(.text.ADC_StartCalibration)
    [Anonymous Symbol]                       0x08000834   Section        0  main.o(.text.App_ADC1_Init)
    [Anonymous Symbol]                       0x080008f8   Section        0  stm32f10x_it.o(.text.BusFault_Handler)
    [Anonymous Symbol]                       0x080008fc   Section        0  stm32f10x_it.o(.text.DebugMon_Handler)
    [Anonymous Symbol]                       0x08000900   Section        0  stm32f10x_gpio.o(.text.GPIO_Init)
    [Anonymous Symbol]                       0x080009bc   Section        0  stm32f10x_it.o(.text.HardFault_Handler)
    [Anonymous Symbol]                       0x080009c0   Section        0  stm32f10x_it.o(.text.MemManage_Handler)
    [Anonymous Symbol]                       0x080009c4   Section        0  usart.o(.text.My_USART_Printf)
    [Anonymous Symbol]                       0x080009f8   Section        0  usart.o(.text.My_USART_SendBytes)
    [Anonymous Symbol]                       0x08000a3c   Section        0  stm32f10x_it.o(.text.NMI_Handler)
    [Anonymous Symbol]                       0x08000a40   Section        0  stm32f10x_it.o(.text.PendSV_Handler)
    [Anonymous Symbol]                       0x08000a44   Section        0  stm32f10x_rcc.o(.text.RCC_ADCCLKConfig)
    [Anonymous Symbol]                       0x08000a58   Section        0  stm32f10x_rcc.o(.text.RCC_APB2PeriphClockCmd)
    [Anonymous Symbol]                       0x08000a70   Section        0  stm32f10x_rcc.o(.text.RCC_GetClocksFreq)
    [Anonymous Symbol]                       0x08000afc   Section        0  stm32f10x_it.o(.text.SVC_Handler)
    [Anonymous Symbol]                       0x08000b00   Section        0  stm32f10x_it.o(.text.SysTick_Handler)
    [Anonymous Symbol]                       0x08000b18   Section        0  system_stm32f10x.o(.text.SystemInit)
    [Anonymous Symbol]                       0x08000c24   Section        0  stm32f10x_tim.o(.text.TIM_Cmd)
    [Anonymous Symbol]                       0x08000c38   Section        0  stm32f10x_tim.o(.text.TIM_SelectOutputTrigger)
    [Anonymous Symbol]                       0x08000c48   Section        0  stm32f10x_tim.o(.text.TIM_TimeBaseInit)
    [Anonymous Symbol]                       0x08000cf4   Section        0  stm32f10x_usart.o(.text.USART_Cmd)
    [Anonymous Symbol]                       0x08000d08   Section        0  stm32f10x_usart.o(.text.USART_GetFlagStatus)
    [Anonymous Symbol]                       0x08000d14   Section        0  stm32f10x_usart.o(.text.USART_Init)
    [Anonymous Symbol]                       0x08000dcc   Section        0  stm32f10x_usart.o(.text.USART_SendData)
    [Anonymous Symbol]                       0x08000dd4   Section        0  stm32f10x_it.o(.text.UsageFault_Handler)
    [Anonymous Symbol]                       0x08000dd8   Section        0  main.o(.text.main)
    i.__0vsprintf                            0x08000f44   Section        0  printfa.o(i.__0vsprintf)
    i.__scatterload_copy                     0x08000f68   Section       14  handlers.o(i.__scatterload_copy)
    i.__scatterload_null                     0x08000f76   Section        2  handlers.o(i.__scatterload_null)
    i.__scatterload_zeroinit                 0x08000f78   Section       14  handlers.o(i.__scatterload_zeroinit)
    _fp_digits                               0x08000f89   Thumb Code   366  printfa.o(i._fp_digits)
    i._fp_digits                             0x08000f88   Section        0  printfa.o(i._fp_digits)
    _printf_core                             0x0800110d   Thumb Code  1744  printfa.o(i._printf_core)
    i._printf_core                           0x0800110c   Section        0  printfa.o(i._printf_core)
    _printf_post_padding                     0x080017e9   Thumb Code    36  printfa.o(i._printf_post_padding)
    i._printf_post_padding                   0x080017e8   Section        0  printfa.o(i._printf_post_padding)
    _printf_pre_padding                      0x0800180d   Thumb Code    46  printfa.o(i._printf_pre_padding)
    i._printf_pre_padding                    0x0800180c   Section        0  printfa.o(i._printf_pre_padding)
    _sputc                                   0x0800183b   Thumb Code    10  printfa.o(i._sputc)
    i._sputc                                 0x0800183a   Section        0  printfa.o(i._sputc)
    ADCPrescTable                            0x08001844   Data           4  stm32f10x_rcc.o(.rodata.ADCPrescTable)
    [Anonymous Symbol]                       0x08001844   Section        0  stm32f10x_rcc.o(.rodata.ADCPrescTable)
    APBAHBPrescTable                         0x08001848   Data          16  stm32f10x_rcc.o(.rodata.APBAHBPrescTable)
    [Anonymous Symbol]                       0x08001848   Section        0  stm32f10x_rcc.o(.rodata.APBAHBPrescTable)
    STACK                                    0x20000008   Section     4096  startup_stm32f10x_md.o(STACK)

    Global Symbols

    Symbol Name                              Value     Ov Type        Size  Object(Section)

    BuildAttributes$$THM_ISAv4$P$D$K$B$S$PE$A:L22UL41UL21$X:L11$S22US41US21$IEEE1$IW$~IW$USESV6$~STKCKD$USESV7$~SHL$OTIME$ROPI$IEEEJ$EBA8$MICROLIB$REQ8$PRES8$EABIv2 0x00000000   Number         0  anon$$obj.o ABSOLUTE
    __cpp_initialize__aeabi_                  - Undefined Weak Reference
    __cxa_finalize                            - Undefined Weak Reference
    __decompress                              - Undefined Weak Reference
    _clock_init                               - Undefined Weak Reference
    _microlib_exit                            - Undefined Weak Reference
    __Vectors_Size                           0x000000ec   Number         0  startup_stm32f10x_md.o ABSOLUTE
    __Vectors                                0x08000000   Data           4  startup_stm32f10x_md.o(RESET)
    __Vectors_End                            0x080000ec   Data           0  startup_stm32f10x_md.o(RESET)
    __main                                   0x080000ed   Thumb Code     0  entry.o(.ARM.Collect$$$$00000000)
    _main_stk                                0x080000ed   Thumb Code     0  entry2.o(.ARM.Collect$$$$00000001)
    _main_scatterload                        0x080000f1   Thumb Code     0  entry5.o(.ARM.Collect$$$$00000004)
    __main_after_scatterload                 0x080000f5   Thumb Code     0  entry5.o(.ARM.Collect$$$$00000004)
    _main_clock                              0x080000f5   Thumb Code     0  entry7b.o(.ARM.Collect$$$$00000008)
    _main_cpp_init                           0x080000f5   Thumb Code     0  entry8b.o(.ARM.Collect$$$$0000000A)
    _main_init                               0x080000f5   Thumb Code     0  entry9a.o(.ARM.Collect$$$$0000000B)
    __rt_final_cpp                           0x080000fd   Thumb Code     0  entry10a.o(.ARM.Collect$$$$0000000D)
    __rt_final_exit                          0x080000fd   Thumb Code     0  entry11a.o(.ARM.Collect$$$$0000000F)
    Reset_Handler                            0x08000101   Thumb Code     8  startup_stm32f10x_md.o(.text)
    ADC1_2_IRQHandler                        0x0800011b   Thumb Code     0  startup_stm32f10x_md.o(.text)
    CAN1_RX1_IRQHandler                      0x0800011b   Thumb Code     0  startup_stm32f10x_md.o(.text)
    CAN1_SCE_IRQHandler                      0x0800011b   Thumb Code     0  startup_stm32f10x_md.o(.text)
    DMA1_Channel1_IRQHandler                 0x0800011b   Thumb Code     0  startup_stm32f10x_md.o(.text)
    DMA1_Channel2_IRQHandler                 0x0800011b   Thumb Code     0  startup_stm32f10x_md.o(.text)
    DMA1_Channel3_IRQHandler                 0x0800011b   Thumb Code     0  startup_stm32f10x_md.o(.text)
    DMA1_Channel4_IRQHandler                 0x0800011b   Thumb Code     0  startup_stm32f10x_md.o(.text)
    DMA1_Channel5_IRQHandler                 0x0800011b   Thumb Code     0  startup_stm32f10x_md.o(.text)
    DMA1_Channel6_IRQHandler                 0x0800011b   Thumb Code     0  startup_stm32f10x_md.o(.text)
    DMA1_Channel7_IRQHandler                 0x0800011b   Thumb Code     0  startup_stm32f10x_md.o(.text)
    EXTI0_IRQHandler                         0x0800011b   Thumb Code     0  startup_stm32f10x_md.o(.text)
    EXTI15_10_IRQHandler                     0x0800011b   Thumb Code     0  startup_stm32f10x_md.o(.text)
    EXTI1_IRQHandler                         0x0800011b   Thumb Code     0  startup_stm32f10x_md.o(.text)
    EXTI2_IRQHandler                         0x0800011b   Thumb Code     0  startup_stm32f10x_md.o(.text)
    EXTI3_IRQHandler                         0x0800011b   Thumb Code     0  startup_stm32f10x_md.o(.text)
    EXTI4_IRQHandler                         0x0800011b   Thumb Code     0  startup_stm32f10x_md.o(.text)
    EXTI9_5_IRQHandler                       0x0800011b   Thumb Code     0  startup_stm32f10x_md.o(.text)
    FLASH_IRQHandler                         0x0800011b   Thumb Code     0  startup_stm32f10x_md.o(.text)
    I2C1_ER_IRQHandler                       0x0800011b   Thumb Code     0  startup_stm32f10x_md.o(.text)
    I2C1_EV_IRQHandler                       0x0800011b   Thumb Code     0  startup_stm32f10x_md.o(.text)
    I2C2_ER_IRQHandler                       0x0800011b   Thumb Code     0  startup_stm32f10x_md.o(.text)
    I2C2_EV_IRQHandler                       0x0800011b   Thumb Code     0  startup_stm32f10x_md.o(.text)
    PVD_IRQHandler                           0x0800011b   Thumb Code     0  startup_stm32f10x_md.o(.text)
    RCC_IRQHandler                           0x0800011b   Thumb Code     0  startup_stm32f10x_md.o(.text)
    RTCAlarm_IRQHandler                      0x0800011b   Thumb Code     0  startup_stm32f10x_md.o(.text)
    RTC_IRQHandler                           0x0800011b   Thumb Code     0  startup_stm32f10x_md.o(.text)
    SPI1_IRQHandler                          0x0800011b   Thumb Code     0  startup_stm32f10x_md.o(.text)
    SPI2_IRQHandler                          0x0800011b   Thumb Code     0  startup_stm32f10x_md.o(.text)
    TAMPER_IRQHandler                        0x0800011b   Thumb Code     0  startup_stm32f10x_md.o(.text)
    TIM1_BRK_IRQHandler                      0x0800011b   Thumb Code     0  startup_stm32f10x_md.o(.text)
    TIM1_CC_IRQHandler                       0x0800011b   Thumb Code     0  startup_stm32f10x_md.o(.text)
    TIM1_TRG_COM_IRQHandler                  0x0800011b   Thumb Code     0  startup_stm32f10x_md.o(.text)
    TIM1_UP_IRQHandler                       0x0800011b   Thumb Code     0  startup_stm32f10x_md.o(.text)
    TIM2_IRQHandler                          0x0800011b   Thumb Code     0  startup_stm32f10x_md.o(.text)
    TIM3_IRQHandler                          0x0800011b   Thumb Code     0  startup_stm32f10x_md.o(.text)
    TIM4_IRQHandler                          0x0800011b   Thumb Code     0  startup_stm32f10x_md.o(.text)
    USART1_IRQHandler                        0x0800011b   Thumb Code     0  startup_stm32f10x_md.o(.text)
    USART2_IRQHandler                        0x0800011b   Thumb Code     0  startup_stm32f10x_md.o(.text)
    USART3_IRQHandler                        0x0800011b   Thumb Code     0  startup_stm32f10x_md.o(.text)
    USBWakeUp_IRQHandler                     0x0800011b   Thumb Code     0  startup_stm32f10x_md.o(.text)
    USB_HP_CAN1_TX_IRQHandler                0x0800011b   Thumb Code     0  startup_stm32f10x_md.o(.text)
    USB_LP_CAN1_RX0_IRQHandler               0x0800011b   Thumb Code     0  startup_stm32f10x_md.o(.text)
    WWDG_IRQHandler                          0x0800011b   Thumb Code     0  startup_stm32f10x_md.o(.text)
    strlen                                   0x08000125   Thumb Code    14  strlen.o(.text)
    __aeabi_dadd                             0x08000133   Thumb Code   322  dadd.o(.text)
    __aeabi_dsub                             0x08000275   Thumb Code     6  dadd.o(.text)
    __aeabi_drsub                            0x0800027b   Thumb Code     6  dadd.o(.text)
    __aeabi_dmul                             0x08000281   Thumb Code   228  dmul.o(.text)
    __aeabi_ddiv                             0x08000365   Thumb Code   222  ddiv.o(.text)
    __aeabi_uidiv                            0x08000443   Thumb Code     0  uidiv.o(.text)
    __aeabi_uidivmod                         0x08000443   Thumb Code    44  uidiv.o(.text)
    __aeabi_uldivmod                         0x0800046f   Thumb Code    98  uldiv.o(.text)
    __aeabi_llsl                             0x080004d1   Thumb Code    30  llshl.o(.text)
    _ll_shift_l                              0x080004d1   Thumb Code     0  llshl.o(.text)
    __aeabi_llsr                             0x080004ef   Thumb Code    32  llushr.o(.text)
    _ll_ushift_r                             0x080004ef   Thumb Code     0  llushr.o(.text)
    __aeabi_lasr                             0x0800050f   Thumb Code    36  llsshr.o(.text)
    _ll_sshift_r                             0x0800050f   Thumb Code     0  llsshr.o(.text)
    __I$use$fp                               0x08000533   Thumb Code     0  iusefp.o(.text)
    _double_round                            0x08000533   Thumb Code    30  depilogue.o(.text)
    _double_epilogue                         0x08000551   Thumb Code   156  depilogue.o(.text)
    __aeabi_d2ulz                            0x080005ed   Thumb Code    48  dfixul.o(.text)
    __aeabi_cdrcmple                         0x0800061d   Thumb Code    48  cdrcmple.o(.text)
    __scatterload                            0x0800064d   Thumb Code    38  init.o(.text)
    __scatterload_rt2                        0x0800064d   Thumb Code     0  init.o(.text)
    ADC_ClearFlag                            0x0800067d   Thumb Code     6  stm32f10x_adc.o(.text.ADC_ClearFlag)
    ADC_Cmd                                  0x08000685   Thumb Code    16  stm32f10x_adc.o(.text.ADC_Cmd)
    ADC_ExternalTrigConvCmd                  0x08000695   Thumb Code    18  stm32f10x_adc.o(.text.ADC_ExternalTrigConvCmd)
    ADC_ExternalTrigInjectedConvCmd          0x080006a9   Thumb Code    18  stm32f10x_adc.o(.text.ADC_ExternalTrigInjectedConvCmd)
    ADC_ExternalTrigInjectedConvConfig       0x080006bd   Thumb Code    12  stm32f10x_adc.o(.text.ADC_ExternalTrigInjectedConvConfig)
    ADC_GetCalibrationStatus                 0x080006c9   Thumb Code     8  stm32f10x_adc.o(.text.ADC_GetCalibrationStatus)
    ADC_GetFlagStatus                        0x080006d1   Thumb Code    10  stm32f10x_adc.o(.text.ADC_GetFlagStatus)
    ADC_GetInjectedConversionValue           0x080006dd   Thumb Code    26  stm32f10x_adc.o(.text.ADC_GetInjectedConversionValue)
    ADC_GetResetCalibrationStatus            0x080006f9   Thumb Code     8  stm32f10x_adc.o(.text.ADC_GetResetCalibrationStatus)
    ADC_Init                                 0x08000701   Thumb Code    82  stm32f10x_adc.o(.text.ADC_Init)
    ADC_InjectedChannelConfig                0x08000755   Thumb Code    78  stm32f10x_adc.o(.text.ADC_InjectedChannelConfig)
    ADC_InjectedSequencerLengthConfig        0x080007a5   Thumb Code    22  stm32f10x_adc.o(.text.ADC_InjectedSequencerLengthConfig)
    ADC_RegularChannelConfig                 0x080007bd   Thumb Code    96  stm32f10x_adc.o(.text.ADC_RegularChannelConfig)
    ADC_ResetCalibration                     0x0800081d   Thumb Code    10  stm32f10x_adc.o(.text.ADC_ResetCalibration)
    ADC_StartCalibration                     0x08000829   Thumb Code    10  stm32f10x_adc.o(.text.ADC_StartCalibration)
    App_ADC1_Init                            0x08000835   Thumb Code   194  main.o(.text.App_ADC1_Init)
    BusFault_Handler                         0x080008f9   Thumb Code     2  stm32f10x_it.o(.text.BusFault_Handler)
    DebugMon_Handler                         0x080008fd   Thumb Code     2  stm32f10x_it.o(.text.DebugMon_Handler)
    GPIO_Init                                0x08000901   Thumb Code   188  stm32f10x_gpio.o(.text.GPIO_Init)
    HardFault_Handler                        0x080009bd   Thumb Code     2  stm32f10x_it.o(.text.HardFault_Handler)
    MemManage_Handler                        0x080009c1   Thumb Code     2  stm32f10x_it.o(.text.MemManage_Handler)
    My_USART_Printf                          0x080009c5   Thumb Code    50  usart.o(.text.My_USART_Printf)
    My_USART_SendBytes                       0x080009f9   Thumb Code    68  usart.o(.text.My_USART_SendBytes)
    NMI_Handler                              0x08000a3d   Thumb Code     2  stm32f10x_it.o(.text.NMI_Handler)
    PendSV_Handler                           0x08000a41   Thumb Code     2  stm32f10x_it.o(.text.PendSV_Handler)
    RCC_ADCCLKConfig                         0x08000a45   Thumb Code    20  stm32f10x_rcc.o(.text.RCC_ADCCLKConfig)
    RCC_APB2PeriphClockCmd                   0x08000a59   Thumb Code    24  stm32f10x_rcc.o(.text.RCC_APB2PeriphClockCmd)
    RCC_GetClocksFreq                        0x08000a71   Thumb Code   140  stm32f10x_rcc.o(.text.RCC_GetClocksFreq)
    SVC_Handler                              0x08000afd   Thumb Code     2  stm32f10x_it.o(.text.SVC_Handler)
    SysTick_Handler                          0x08000b01   Thumb Code    24  stm32f10x_it.o(.text.SysTick_Handler)
    SystemInit                               0x08000b19   Thumb Code   268  system_stm32f10x.o(.text.SystemInit)
    TIM_Cmd                                  0x08000c25   Thumb Code    18  stm32f10x_tim.o(.text.TIM_Cmd)
    TIM_SelectOutputTrigger                  0x08000c39   Thumb Code    16  stm32f10x_tim.o(.text.TIM_SelectOutputTrigger)
    TIM_TimeBaseInit                         0x08000c49   Thumb Code   170  stm32f10x_tim.o(.text.TIM_TimeBaseInit)
    USART_Cmd                                0x08000cf5   Thumb Code    20  stm32f10x_usart.o(.text.USART_Cmd)
    USART_GetFlagStatus                      0x08000d09   Thumb Code    10  stm32f10x_usart.o(.text.USART_GetFlagStatus)
    USART_Init                               0x08000d15   Thumb Code   182  stm32f10x_usart.o(.text.USART_Init)
    USART_SendData                           0x08000dcd   Thumb Code     8  stm32f10x_usart.o(.text.USART_SendData)
    UsageFault_Handler                       0x08000dd5   Thumb Code     2  stm32f10x_it.o(.text.UsageFault_Handler)
    main                                     0x08000dd9   Thumb Code   340  main.o(.text.main)
    __0vsprintf                              0x08000f45   Thumb Code    30  printfa.o(i.__0vsprintf)
    __1vsprintf                              0x08000f45   Thumb Code     0  printfa.o(i.__0vsprintf)
    __2vsprintf                              0x08000f45   Thumb Code     0  printfa.o(i.__0vsprintf)
    __c89vsprintf                            0x08000f45   Thumb Code     0  printfa.o(i.__0vsprintf)
    vsprintf                                 0x08000f45   Thumb Code     0  printfa.o(i.__0vsprintf)
    __scatterload_copy                       0x08000f69   Thumb Code    14  handlers.o(i.__scatterload_copy)
    __scatterload_null                       0x08000f77   Thumb Code     2  handlers.o(i.__scatterload_null)
    __scatterload_zeroinit                   0x08000f79   Thumb Code    14  handlers.o(i.__scatterload_zeroinit)
    Region$$Table$$Base                      0x08001858   Number         0  anon$$obj.o(Region$$Table)
    Region$$Table$$Limit                     0x08001868   Number         0  anon$$obj.o(Region$$Table)
    ulTicks                                  0x20000000   Data           4  delay.o(.bss.ulTicks)
    __initial_sp                             0x20001008   Data           0  startup_stm32f10x_md.o(STACK)



==============================================================================

Memory Map of the image

  Image Entry point : 0x080000ed

  Load Region LR_IROM1 (Base: 0x08000000, Size: 0x00001868, Max: 0x00010000, ABSOLUTE)

    Execution Region ER_IROM1 (Exec base: 0x08000000, Load base: 0x08000000, Size: 0x00001868, Max: 0x00010000, ABSOLUTE)

    Exec Addr    Load Addr    Size         Type   Attr      Idx    E Section Name        Object

    0x08000000   0x08000000   0x000000ec   Data   RO           61    RESET               startup_stm32f10x_md.o
    0x080000ec   0x080000ec   0x00000000   Code   RO         1477  * .ARM.Collect$$$$00000000  mc_w.l(entry.o)
    0x080000ec   0x080000ec   0x00000004   Code   RO         1560    .ARM.Collect$$$$00000001  mc_w.l(entry2.o)
    0x080000f0   0x080000f0   0x00000004   Code   RO         1563    .ARM.Collect$$$$00000004  mc_w.l(entry5.o)
    0x080000f4   0x080000f4   0x00000000   Code   RO         1565    .ARM.Collect$$$$00000008  mc_w.l(entry7b.o)
    0x080000f4   0x080000f4   0x00000000   Code   RO         1567    .ARM.Collect$$$$0000000A  mc_w.l(entry8b.o)
    0x080000f4   0x080000f4   0x00000008   Code   RO         1568    .ARM.Collect$$$$0000000B  mc_w.l(entry9a.o)
    0x080000fc   0x080000fc   0x00000000   Code   RO         1570    .ARM.Collect$$$$0000000D  mc_w.l(entry10a.o)
    0x080000fc   0x080000fc   0x00000000   Code   RO         1572    .ARM.Collect$$$$0000000F  mc_w.l(entry11a.o)
    0x080000fc   0x080000fc   0x00000004   Code   RO         1561    .ARM.Collect$$$$00002712  mc_w.l(entry2.o)
    0x08000100   0x08000100   0x00000024   Code   RO           62    .text               startup_stm32f10x_md.o
    0x08000124   0x08000124   0x0000000e   Code   RO         1482    .text               mc_w.l(strlen.o)
    0x08000132   0x08000132   0x0000014e   Code   RO         1542    .text               mf_w.l(dadd.o)
    0x08000280   0x08000280   0x000000e4   Code   RO         1544    .text               mf_w.l(dmul.o)
    0x08000364   0x08000364   0x000000de   Code   RO         1546    .text               mf_w.l(ddiv.o)
    0x08000442   0x08000442   0x0000002c   Code   RO         1588    .text               mc_w.l(uidiv.o)
    0x0800046e   0x0800046e   0x00000062   Code   RO         1590    .text               mc_w.l(uldiv.o)
    0x080004d0   0x080004d0   0x0000001e   Code   RO         1592    .text               mc_w.l(llshl.o)
    0x080004ee   0x080004ee   0x00000020   Code   RO         1594    .text               mc_w.l(llushr.o)
    0x0800050e   0x0800050e   0x00000024   Code   RO         1596    .text               mc_w.l(llsshr.o)
    0x08000532   0x08000532   0x00000000   Code   RO         1604    .text               mc_w.l(iusefp.o)
    0x08000532   0x08000532   0x000000ba   Code   RO         1607    .text               mf_w.l(depilogue.o)
    0x080005ec   0x080005ec   0x00000030   Code   RO         1611    .text               mf_w.l(dfixul.o)
    0x0800061c   0x0800061c   0x00000030   Code   RO         1615    .text               mf_w.l(cdrcmple.o)
    0x0800064c   0x0800064c   0x00000030   Code   RO         1617    .text               mc_w.l(init.o)
    0x0800067c   0x0800067c   0x00000006   Code   RO          153    .text.ADC_ClearFlag  stm32f10x_adc.o
    0x08000682   0x08000682   0x00000002   PAD
    0x08000684   0x08000684   0x00000010   Code   RO           93    .text.ADC_Cmd       stm32f10x_adc.o
    0x08000694   0x08000694   0x00000012   Code   RO          117    .text.ADC_ExternalTrigConvCmd  stm32f10x_adc.o
    0x080006a6   0x080006a6   0x00000002   PAD
    0x080006a8   0x080006a8   0x00000012   Code   RO          129    .text.ADC_ExternalTrigInjectedConvCmd  stm32f10x_adc.o
    0x080006ba   0x080006ba   0x00000002   PAD
    0x080006bc   0x080006bc   0x0000000c   Code   RO          127    .text.ADC_ExternalTrigInjectedConvConfig  stm32f10x_adc.o
    0x080006c8   0x080006c8   0x00000008   Code   RO          105    .text.ADC_GetCalibrationStatus  stm32f10x_adc.o
    0x080006d0   0x080006d0   0x0000000a   Code   RO          151    .text.ADC_GetFlagStatus  stm32f10x_adc.o
    0x080006da   0x080006da   0x00000002   PAD
    0x080006dc   0x080006dc   0x0000001a   Code   RO          141    .text.ADC_GetInjectedConversionValue  stm32f10x_adc.o
    0x080006f6   0x080006f6   0x00000002   PAD
    0x080006f8   0x080006f8   0x00000008   Code   RO          101    .text.ADC_GetResetCalibrationStatus  stm32f10x_adc.o
    0x08000700   0x08000700   0x00000052   Code   RO           89    .text.ADC_Init      stm32f10x_adc.o
    0x08000752   0x08000752   0x00000002   PAD
    0x08000754   0x08000754   0x0000004e   Code   RO          135    .text.ADC_InjectedChannelConfig  stm32f10x_adc.o
    0x080007a2   0x080007a2   0x00000002   PAD
    0x080007a4   0x080007a4   0x00000016   Code   RO          137    .text.ADC_InjectedSequencerLengthConfig  stm32f10x_adc.o
    0x080007ba   0x080007ba   0x00000002   PAD
    0x080007bc   0x080007bc   0x00000060   Code   RO          115    .text.ADC_RegularChannelConfig  stm32f10x_adc.o
    0x0800081c   0x0800081c   0x0000000a   Code   RO           99    .text.ADC_ResetCalibration  stm32f10x_adc.o
    0x08000826   0x08000826   0x00000002   PAD
    0x08000828   0x08000828   0x0000000a   Code   RO          103    .text.ADC_StartCalibration  stm32f10x_adc.o
    0x08000832   0x08000832   0x00000002   PAD
    0x08000834   0x08000834   0x000000c2   Code   RO            4    .text.App_ADC1_Init  main.o
    0x080008f6   0x080008f6   0x00000002   PAD
    0x080008f8   0x080008f8   0x00000002   Code   RO           41    .text.BusFault_Handler  stm32f10x_it.o
    0x080008fa   0x080008fa   0x00000002   PAD
    0x080008fc   0x080008fc   0x00000002   Code   RO           47    .text.DebugMon_Handler  stm32f10x_it.o
    0x080008fe   0x080008fe   0x00000002   PAD
    0x08000900   0x08000900   0x000000bc   Code   RO          525    .text.GPIO_Init     stm32f10x_gpio.o
    0x080009bc   0x080009bc   0x00000002   Code   RO           37    .text.HardFault_Handler  stm32f10x_it.o
    0x080009be   0x080009be   0x00000002   PAD
    0x080009c0   0x080009c0   0x00000002   Code   RO           39    .text.MemManage_Handler  stm32f10x_it.o
    0x080009c2   0x080009c2   0x00000002   PAD
    0x080009c4   0x080009c4   0x00000032   Code   RO         1219    .text.My_USART_Printf  usart.o
    0x080009f6   0x080009f6   0x00000002   PAD
    0x080009f8   0x080009f8   0x00000044   Code   RO         1213    .text.My_USART_SendBytes  usart.o
    0x08000a3c   0x08000a3c   0x00000002   Code   RO           35    .text.NMI_Handler   stm32f10x_it.o
    0x08000a3e   0x08000a3e   0x00000002   PAD
    0x08000a40   0x08000a40   0x00000002   Code   RO           49    .text.PendSV_Handler  stm32f10x_it.o
    0x08000a42   0x08000a42   0x00000002   PAD
    0x08000a44   0x08000a44   0x00000014   Code   RO          716    .text.RCC_ADCCLKConfig  stm32f10x_rcc.o
    0x08000a58   0x08000a58   0x00000018   Code   RO          730    .text.RCC_APB2PeriphClockCmd  stm32f10x_rcc.o
    0x08000a70   0x08000a70   0x0000008c   Code   RO          726    .text.RCC_GetClocksFreq  stm32f10x_rcc.o
    0x08000afc   0x08000afc   0x00000002   Code   RO           45    .text.SVC_Handler   stm32f10x_it.o
    0x08000afe   0x08000afe   0x00000002   PAD
    0x08000b00   0x08000b00   0x00000018   Code   RO           51    .text.SysTick_Handler  stm32f10x_it.o
    0x08000b18   0x08000b18   0x0000010c   Code   RO           21    .text.SystemInit    system_stm32f10x.o
    0x08000c24   0x08000c24   0x00000012   Code   RO          952    .text.TIM_Cmd       stm32f10x_tim.o
    0x08000c36   0x08000c36   0x00000002   PAD
    0x08000c38   0x08000c38   0x00000010   Code   RO         1052    .text.TIM_SelectOutputTrigger  stm32f10x_tim.o
    0x08000c48   0x08000c48   0x000000aa   Code   RO          920    .text.TIM_TimeBaseInit  stm32f10x_tim.o
    0x08000cf2   0x08000cf2   0x00000002   PAD
    0x08000cf4   0x08000cf4   0x00000014   Code   RO         1110    .text.USART_Cmd     stm32f10x_usart.o
    0x08000d08   0x08000d08   0x0000000a   Code   RO         1150    .text.USART_GetFlagStatus  stm32f10x_usart.o
    0x08000d12   0x08000d12   0x00000002   PAD
    0x08000d14   0x08000d14   0x000000b6   Code   RO         1102    .text.USART_Init    stm32f10x_usart.o
    0x08000dca   0x08000dca   0x00000002   PAD
    0x08000dcc   0x08000dcc   0x00000008   Code   RO         1126    .text.USART_SendData  stm32f10x_usart.o
    0x08000dd4   0x08000dd4   0x00000002   Code   RO           43    .text.UsageFault_Handler  stm32f10x_it.o
    0x08000dd6   0x08000dd6   0x00000002   PAD
    0x08000dd8   0x08000dd8   0x0000016c   Code   RO            2    .text.main          main.o
    0x08000f44   0x08000f44   0x00000024   Code   RO         1491    i.__0vsprintf       mc_w.l(printfa.o)
    0x08000f68   0x08000f68   0x0000000e   Code   RO         1623    i.__scatterload_copy  mc_w.l(handlers.o)
    0x08000f76   0x08000f76   0x00000002   Code   RO         1624    i.__scatterload_null  mc_w.l(handlers.o)
    0x08000f78   0x08000f78   0x0000000e   Code   RO         1625    i.__scatterload_zeroinit  mc_w.l(handlers.o)
    0x08000f86   0x08000f86   0x00000002   PAD
    0x08000f88   0x08000f88   0x00000184   Code   RO         1492    i._fp_digits        mc_w.l(printfa.o)
    0x0800110c   0x0800110c   0x000006dc   Code   RO         1493    i._printf_core      mc_w.l(printfa.o)
    0x080017e8   0x080017e8   0x00000024   Code   RO         1494    i._printf_post_padding  mc_w.l(printfa.o)
    0x0800180c   0x0800180c   0x0000002e   Code   RO         1495    i._printf_pre_padding  mc_w.l(printfa.o)
    0x0800183a   0x0800183a   0x0000000a   Code   RO         1497    i._sputc            mc_w.l(printfa.o)
    0x08001844   0x08001844   0x00000004   Data   RO          751    .rodata.ADCPrescTable  stm32f10x_rcc.o
    0x08001848   0x08001848   0x00000010   Data   RO          750    .rodata.APBAHBPrescTable  stm32f10x_rcc.o
    0x08001858   0x08001858   0x00000010   Data   RO         1622    Region$$Table       anon$$obj.o


    Execution Region RW_IRAM1 (Exec base: 0x20000000, Load base: 0x08001868, Size: 0x00001008, Max: 0x00005000, ABSOLUTE)

    Exec Addr    Load Addr    Size         Type   Attr      Idx    E Section Name        Object

    0x20000000        -       0x00000004   Zero   RW         1201    .bss.ulTicks        delay.o
    0x20000004   0x08001868   0x00000004   PAD
    0x20000008        -       0x00001000   Zero   RW           59    STACK               startup_stm32f10x_md.o


==============================================================================

Image component sizes


      Code (inc. data)   RO Data    RW Data    ZI Data      Debug   Object Name

         0          0          0          0          4       3111   delay.o
       558         24          0          0          0       5636   main.o
        36          8        236          0       4096        816   startup_stm32f10x_md.o
       420          0          0          0          0       9348   stm32f10x_adc.o
       188          0          0          0          0       5867   stm32f10x_gpio.o
        40          0          0          0          0       1023   stm32f10x_it.o
       184          0         20          0          0       8259   stm32f10x_rcc.o
       204          0          0          0          0      29731   stm32f10x_tim.o
       220          0          0          0          0       8628   stm32f10x_usart.o
       268          0          0          0          0       2629   system_stm32f10x.o
       118          0          0          0          0       4181   usart.o

    ----------------------------------------------------------------------
      2284         32        272          0       4104      79229   Object Totals
         0          0         16          0          0          0   (incl. Generated)
        48          0          0          0          4          0   (incl. Padding)

    ----------------------------------------------------------------------

      Code (inc. data)   RO Data    RW Data    ZI Data      Debug   Library Member Name

         0          0          0          0          0          0   entry.o
         0          0          0          0          0          0   entry10a.o
         0          0          0          0          0          0   entry11a.o
         8          4          0          0          0          0   entry2.o
         4          0          0          0          0          0   entry5.o
         0          0          0          0          0          0   entry7b.o
         0          0          0          0          0          0   entry8b.o
         8          4          0          0          0          0   entry9a.o
        30          0          0          0          0          0   handlers.o
        48         10          0          0          0         68   init.o
         0          0          0          0          0          0   iusefp.o
        30          0          0          0          0         68   llshl.o
        36          0          0          0          0         68   llsshr.o
        32          0          0          0          0         68   llushr.o
      2272         86          0          0          0        516   printfa.o
        14          0          0          0          0         68   strlen.o
        44          0          0          0          0         80   uidiv.o
        98          0          0          0          0         92   uldiv.o
        48          0          0          0          0         68   cdrcmple.o
       334          0          0          0          0        148   dadd.o
       222          0          0          0          0        100   ddiv.o
       186          0          0          0          0        176   depilogue.o
        48          0          0          0          0         68   dfixul.o
       228          0          0          0          0         96   dmul.o

    ----------------------------------------------------------------------
      3692        104          0          0          0       1684   Library Totals
         2          0          0          0          0          0   (incl. Padding)

    ----------------------------------------------------------------------

      Code (inc. data)   RO Data    RW Data    ZI Data      Debug   Library Name

      2624        104          0          0          0       1028   mc_w.l
      1066          0          0          0          0        656   mf_w.l

    ----------------------------------------------------------------------
      3692        104          0          0          0       1684   Library Totals

    ----------------------------------------------------------------------

==============================================================================


      Code (inc. data)   RO Data    RW Data    ZI Data      Debug   

      5976        136        272          0       4104      80073   Grand Totals
      5976        136        272          0       4104      80073   ELF Image Totals
      5976        136        272          0          0          0   ROM Totals

==============================================================================

    Total RO  Size (Code + RO Data)                 6248 (   6.10kB)
    Total RW  Size (RW Data + ZI Data)              4104 (   4.01kB)
    Total ROM Size (Code + RO Data + RW Data)       6248 (   6.10kB)

==============================================================================

